Steam_scrapper/Database_of_items_price/AK-47 _ Vulcan Factory-New.csv
Date,Price,Quantity Sold,exterior,rarity
May 02 2014 01: +0,304.826,3,Factory-New,Covert
May 03 2014 01: +0,404.888,2,Factory-New,Covert
May 04 2014 01: +0,255.932,4,Factory-New,Covert
May 05 2014 01: +0,192.632,7,Factory-New,Covert
May 06 2014 01: +0,210.871,2,Factory-New,Covert
May 07 2014 01: +0,197.651,7,Factory-New,Covert
May 08 2014 01: +0,210.009,7,Factory-New,Covert
May 09 2014 01: +0,202.966,4,Factory-New,Covert
May 10 2014 01: +0,193.825,8,Factory-New,Covert
May 11 2014 01: +0,158.538,7,Factory-New,Covert
May 12 2014 01: +0,147.867,6,Factory-New,Covert
May 13 2014 01: +0,153.048,9,Factory-New,Covert
May 14 2014 01: +0,178.138,3,Factory-New,Covert
May 15 2014 01: +0,127.526,11,Factory-New,Covert
May 16 2014 01: +0,135.927,10,Factory-New,Covert
May 17 2014 01: +0,133.346,5,Factory-New,Covert
May 18 2014 01: +0,120.888,14,Factory-New,Covert
May 19 2014 01: +0,110.254,12,Factory-New,Covert
May 20 2014 01: +0,117.491,17,Factory-New,Covert
May 21 2014 01: +0,109.547,8,Factory-New,Covert
May 22 2014 01: +0,110.803,12,Factory-New,Covert
May 23 2014 01: +0,126.95,14,Factory-New,Covert
May 24 2014 01: +0,140.383,5,Factory-New,Covert
May 25 2014 01: +0,147.531,7,Factory-New,Covert
May 26 2014 01: +0,119.034,6,Factory-New,Covert
May 27 2014 01: +0,109.11,14,Factory-New,Covert
May 28 2014 01: +0,119.312,11,Factory-New,Covert
May 29 2014 01: +0,110.541,14,Factory-New,Covert
May 30 2014 01: +0,120.602,8,Factory-New,Covert
May 31 2014 01: +0,108.191,9,Factory-New,Covert
Jun 01 2014 01: +0,105.236,14,Factory-New,Covert
Jun 02 2014 01: +0,113.196,10,Factory-New,Covert
Jun 03 2014 01: +0,113.47,7,Factory-New,Covert
Jun 04 2014 01: +0,115.354,12,Factory-New,Covert
Jun 05 2014 01: +0,114.222,7,Factory-New,Covert
Jun 06 2014 01: +0,110.044,7,Factory-New,Covert
Jun 07 2014 01: +0,111.458,6,Factory-New,Covert
Jun 08 2014 01: +0,110.844,9,Factory-New,Covert
Jun 09 2014 01: +0,91.174,8,Factory-New,Covert
Jun 10 2014 01: +0,96.386,11,Factory-New,Covert
Jun 11 2014 01: +0,94.218,13,Factory-New,Covert
Jun 12 2014 01: +0,96.313,25,Factory-New,Covert
Jun 13 2014 01: +0,99.161,14,Factory-New,Covert
Jun 14 2014 01: +0,99.511,16,Factory-New,Covert
Jun 15 2014 01: +0,94.991,13,Factory-New,Covert
Jun 16 2014 01: +0,95.226,13,Factory-New,Covert
Jun 17 2014 01: +0,99.08,12,Factory-New,Covert
Jun 18 2014 01: +0,97.182,14,Factory-New,Covert
Jun 19 2014 01: +0,91.311,9,Factory-New,Covert
Jun 20 2014 01: +0,88.557,24,Factory-New,Covert
Jun 21 2014 01: +0,95.092,12,Factory-New,Covert
Jun 22 2014 01: +0,89.716,18,Factory-New,Covert
Jun 23 2014 01: +0,96.295,12,Factory-New,Covert
Jun 24 2014 01: +0,86.485,6,Factory-New,Covert
Jun 25 2014 01: +0,88.586,14,Factory-New,Covert
Jun 26 2014 01: +0,89.208,9,Factory-New,Covert
Jun 27 2014 01: +0,90.213,15,Factory-New,Covert
Jun 28 2014 01: +0,87.364,22,Factory-New,Covert
Jun 29 2014 01: +0,81.543,20,Factory-New,Covert
Jun 30 2014 01: +0,91.054,22,Factory-New,Covert
Jul 01 2014 01: +0,94.961,19,Factory-New,Covert
Jul 02 2014 01: +0,79.682,18,Factory-New,Covert
Jul 03 2014 01: +0,84.587,19,Factory-New,Covert
Jul 04 2014 01: +0,85.199,22,Factory-New,Covert
Jul 05 2014 01: +0,86.12,16,Factory-New,Covert
Jul 06 2014 01: +0,83.07,28,Factory-New,Covert
Jul 07 2014 01: +0,84.313,18,Factory-New,Covert
Jul 08 2014 01: +0,86.488,15,Factory-New,Covert
Jul 09 2014 01: +0,86.951,13,Factory-New,Covert
Jul 10 2014 01: +0,88.816,19,Factory-New,Covert
Jul 11 2014 01: +0,88.777,23,Factory-New,Covert
Jul 12 2014 01: +0,86.49,15,Factory-New,Covert
Jul 13 2014 01: +0,89.585,16,Factory-New,Covert
Jul 14 2014 01: +0,87.388,16,Factory-New,Covert
Jul 15 2014 01: +0,90.593,13,Factory-New,Covert
Jul 16 2014 01: +0,88.119,21,Factory-New,Covert
Jul 17 2014 01: +0,90.973,23,Factory-New,Covert
Jul 18 2014 01: +0,90.615,14,Factory-New,Covert
Jul 19 2014 01: +0,90.667,17,Factory-New,Covert
Jul 20 2014 01: +0,92.54,12,Factory-New,Covert
Jul 21 2014 01: +0,90.985,15,Factory-New,Covert
Jul 22 2014 01: +0,91.104,20,Factory-New,Covert
Jul 23 2014 01: +0,92.73,17,Factory-New,Covert
Jul 24 2014 01: +0,93.274,18,Factory-New,Covert
Jul 25 2014 01: +0,93.039,24,Factory-New,Covert
Jul 26 2014 01: +0,90.574,16,Factory-New,Covert
Jul 27 2014 01: +0,90.1,26,Factory-New,Covert
Jul 28 2014 01: +0,95.632,25,Factory-New,Covert
Jul 29 2014 01: +0,93.193,22,Factory-New,Covert
Jul 30 2014 01: +0,92.594,15,Factory-New,Covert
Jul 31 2014 01: +0,96.903,19,Factory-New,Covert
Aug 01 2014 01: +0,100.332,13,Factory-New,Covert
Aug 02 2014 01: +0,99.537,19,Factory-New,Covert
Aug 03 2014 01: +0,108.095,25,Factory-New,Covert
Aug 04 2014 01: +0,108.853,16,Factory-New,Covert
Aug 05 2014 01: +0,106.848,20,Factory-New,Covert
Aug 06 2014 01: +0,104.701,26,Factory-New,Covert
Aug 07 2014 01: +0,100.166,30,Factory-New,Covert
Aug 08 2014 01: +0,103.563,23,Factory-New,Covert
Aug 09 2014 01: +0,98.742,15,Factory-New,Covert
Aug 10 2014 01: +0,100.744,26,Factory-New,Covert
Aug 11 2014 01: +0,100.793,17,Factory-New,Covert
Aug 12 2014 01: +0,95.761,20,Factory-New,Covert
Aug 13 2014 01: +0,98.869,19,Factory-New,Covert
Aug 14 2014 01: +0,103.216,27,Factory-New,Covert
Aug 15 2014 01: +0,105.121,27,Factory-New,Covert
Aug 16 2014 01: +0,103.944,26,Factory-New,Covert
Aug 17 2014 01: +0,107.151,24,Factory-New,Covert
Aug 18 2014 01: +0,101.693,21,Factory-New,Covert
Aug 19 2014 01: +0,101.76,20,Factory-New,Covert
Aug 20 2014 01: +0,102.678,17,Factory-New,Covert
Aug 21 2014 01: +0,104.646,34,Factory-New,Covert
Aug 22 2014 01: +0,118.997,28,Factory-New,Covert
Aug 23 2014 01: +0,112.602,19,Factory-New,Covert
Aug 24 2014 01: +0,103.708,21,Factory-New,Covert
Aug 25 2014 01: +0,110.847,23,Factory-New,Covert
Aug 26 2014 01: +0,117.877,20,Factory-New,Covert
Aug 27 2014 01: +0,118.972,19,Factory-New,Covert
Aug 28 2014 01: +0,116.695,26,Factory-New,Covert
Aug 29 2014 01: +0,121.808,23,Factory-New,Covert
Aug 30 2014 01: +0,120.422,21,Factory-New,Covert
Aug 31 2014 01: +0,126.086,23,Factory-New,Covert
Sep 01 2014 01: +0,124.477,23,Factory-New,Covert
Sep 02 2014 01: +0,128.575,15,Factory-New,Covert
Sep 03 2014 01: +0,123.597,22,Factory-New,Covert
Sep 04 2014 01: +0,122.729,13,Factory-New,Covert
Sep 05 2014 01: +0,120.357,16,Factory-New,Covert
Sep 06 2014 01: +0,119.38,22,Factory-New,Covert
Sep 07 2014 01: +0,117.512,15,Factory-New,Covert
Sep 08 2014 01: +0,113.094,23,Factory-New,Covert
Sep 09 2014 01: +0,118.559,26,Factory-New,Covert
Sep 10 2014 01: +0,111.542,20,Factory-New,Covert
Sep 11 2014 01: +0,109.38,28,Factory-New,Covert
Sep 12 2014 01: +0,115.018,29,Factory-New,Covert
Sep 13 2014 01: +0,119.308,22,Factory-New,Covert
Sep 14 2014 01: +0,110.771,23,Factory-New,Covert
Sep 15 2014 01: +0,109.22,34,Factory-New,Covert
Sep 16 2014 01: +0,113.061,18,Factory-New,Covert
Sep 17 2014 01: +0,116.392,23,Factory-New,Covert
Sep 18 2014 01: +0,118.114,25,Factory-New,Covert
Sep 19 2014 01: +0,110.97,17,Factory-New,Covert
Sep 20 2014 01: +0,109.578,31,Factory-New,Covert
Sep 21 2014 01: +0,109.632,23,Factory-New,Covert
Sep 22 2014 01: +0,105.984,23,Factory-New,Covert
Sep 23 2014 01: +0,110.503,27,Factory-New,Covert
Sep 24 2014 01: +0,114.861,17,Factory-New,Covert
Sep 25 2014 01: +0,111.64,12,Factory-New,Covert
Sep 26 2014 01: +0,105.852,24,Factory-New,Covert
Sep 27 2014 01: +0,108.7,32,Factory-New,Covert
Sep 28 2014 01: +0,103.249,24,Factory-New,Covert
Sep 29 2014 01: +0,102.475,13,Factory-New,Covert
Sep 30 2014 01: +0,99.102,29,Factory-New,Covert
Oct 01 2014 01: +0,101.557,24,Factory-New,Covert
Oct 02 2014 01: +0,102.065,31,Factory-New,Covert
Oct 03 2014 01: +0,100.861,31,Factory-New,Covert
Oct 04 2014 01: +0,99.284,33,Factory-New,Covert
Oct 05 2014 01: +0,97.48,42,Factory-New,Covert
Oct 06 2014 01: +0,96.521,31,Factory-New,Covert
Oct 07 2014 01: +0,103.145,38,Factory-New,Covert
Oct 08 2014 01: +0,101.391,34,Factory-New,Covert
Oct 09 2014 01: +0,98.32,28,Factory-New,Covert
Oct 10 2014 01: +0,101.394,35,Factory-New,Covert
Oct 11 2014 01: +0,101.785,25,Factory-New,Covert
Oct 12 2014 01: +0,101.313,25,Factory-New,Covert
Oct 13 2014 01: +0,98.923,27,Factory-New,Covert
Oct 14 2014 01: +0,101.852,40,Factory-New,Covert
Oct 15 2014 01: +0,100.315,23,Factory-New,Covert
Oct 16 2014 01: +0,102.972,23,Factory-New,Covert
Oct 17 2014 01: +0,97.751,27,Factory-New,Covert
Oct 18 2014 01: +0,99.139,31,Factory-New,Covert
Oct 19 2014 01: +0,95.485,29,Factory-New,Covert
Oct 20 2014 01: +0,97.687,18,Factory-New,Covert
Oct 21 2014 01: +0,97.282,19,Factory-New,Covert
Oct 22 2014 01: +0,99.808,21,Factory-New,Covert
Oct 23 2014 01: +0,102.0,28,Factory-New,Covert
Oct 24 2014 01: +0,101.239,25,Factory-New,Covert
Oct 25 2014 01: +0,103.696,27,Factory-New,Covert
Oct 26 2014 01: +0,98.562,30,Factory-New,Covert
Oct 27 2014 01: +0,94.956,31,Factory-New,Covert
Oct 28 2014 01: +0,95.027,26,Factory-New,Covert
Oct 29 2014 01: +0,94.87,17,Factory-New,Covert
Oct 30 2014 01: +0,94.038,22,Factory-New,Covert
Oct 31 2014 01: +0,93.485,38,Factory-New,Covert
Nov 01 2014 01: +0,94.388,35,Factory-New,Covert
Nov 02 2014 01: +0,90.728,40,Factory-New,Covert
Nov 03 2014 01: +0,88.114,23,Factory-New,Covert
Nov 04 2014 01: +0,87.837,34,Factory-New,Covert
Nov 05 2014 01: +0,85.347,32,Factory-New,Covert
Nov 06 2014 01: +0,86.844,24,Factory-New,Covert
Nov 07 2014 01: +0,84.294,30,Factory-New,Covert
Nov 08 2014 01: +0,82.594,39,Factory-New,Covert
Nov 09 2014 01: +0,80.134,29,Factory-New,Covert
Nov 10 2014 01: +0,82.833,38,Factory-New,Covert
Nov 11 2014 01: +0,85.998,39,Factory-New,Covert
Nov 12 2014 01: +0,81.22,52,Factory-New,Covert
Nov 13 2014 01: +0,81.333,44,Factory-New,Covert
Nov 14 2014 01: +0,78.343,32,Factory-New,Covert
Nov 15 2014 01: +0,79.054,36,Factory-New,Covert
Nov 16 2014 01: +0,74.143,35,Factory-New,Covert
Nov 17 2014 01: +0,73.19,50,Factory-New,Covert
Nov 18 2014 01: +0,77.565,28,Factory-New,Covert
Nov 19 2014 01: +0,77.911,31,Factory-New,Covert
Nov 20 2014 01: +0,71.672,33,Factory-New,Covert
Nov 21 2014 01: +0,73.119,41,Factory-New,Covert
Nov 22 2014 01: +0,75.729,33,Factory-New,Covert
Nov 23 2014 01: +0,72.175,28,Factory-New,Covert
Nov 24 2014 01: +0,72.872,31,Factory-New,Covert
Nov 25 2014 01: +0,75.459,27,Factory-New,Covert
Nov 26 2014 01: +0,73.229,32,Factory-New,Covert
Nov 27 2014 01: +0,75.792,49,Factory-New,Covert
Nov 28 2014 01: +0,79.934,44,Factory-New,Covert
Nov 29 2014 01: +0,107.219,8,Factory-New,Covert
Nov 30 2014 01: +0,74.024,60,Factory-New,Covert
Dec 01 2014 01: +0,70.076,52,Factory-New,Covert
Dec 02 2014 01: +0,77.364,36,Factory-New,Covert
Dec 03 2014 01: +0,80.57,36,Factory-New,Covert
Dec 04 2014 01: +0,81.136,34,Factory-New,Covert
Dec 05 2014 01: +0,79.403,39,Factory-New,Covert
Dec 06 2014 01: +0,79.922,42,Factory-New,Covert
Dec 07 2014 01: +0,77.929,42,Factory-New,Covert
Dec 08 2014 01: +0,84.115,29,Factory-New,Covert
Dec 09 2014 01: +0,82.645,29,Factory-New,Covert
Dec 10 2014 01: +0,82.149,20,Factory-New,Covert
Dec 11 2014 01: +0,83.1,25,Factory-New,Covert
Dec 12 2014 01: +0,85.142,39,Factory-New,Covert
Dec 13 2014 01: +0,87.48,29,Factory-New,Covert
Dec 14 2014 01: +0,82.678,32,Factory-New,Covert
Dec 15 2014 01: +0,85.902,28,Factory-New,Covert
Dec 16 2014 01: +0,75.673,37,Factory-New,Covert
Dec 17 2014 01: +0,79.987,34,Factory-New,Covert
Dec 18 2014 01: +0,78.471,37,Factory-New,Covert
Dec 19 2014 01: +0,80.296,41,Factory-New,Covert
Dec 20 2014 01: +0,83.733,33,Factory-New,Covert
Dec 21 2014 01: +0,87.2,38,Factory-New,Covert
Dec 22 2014 01: +0,85.881,35,Factory-New,Covert
Dec 23 2014 01: +0,85.108,34,Factory-New,Covert
Dec 24 2014 01: +0,90.407,31,Factory-New,Covert
Dec 25 2014 01: +0,89.689,56,Factory-New,Covert
Dec 26 2014 01: +0,91.933,42,Factory-New,Covert
Dec 27 2014 01: +0,92.354,38,Factory-New,Covert
Dec 28 2014 01: +0,89.773,43,Factory-New,Covert
Dec 29 2014 01: +0,88.423,37,Factory-New,Covert
Dec 30 2014 01: +0,92.052,49,Factory-New,Covert
Dec 31 2014 01: +0,91.01,49,Factory-New,Covert
Jan 01 2015 01: +0,90.735,46,Factory-New,Covert
Jan 02 2015 01: +0,90.895,41,Factory-New,Covert
Jan 03 2015 01: +0,86.222,46,Factory-New,Covert
Jan 04 2015 01: +0,85.751,57,Factory-New,Covert
Jan 05 2015 01: +0,88.189,47,Factory-New,Covert
Jan 06 2015 01: +0,88.405,49,Factory-New,Covert
Jan 07 2015 01: +0,88.456,50,Factory-New,Covert
Jan 08 2015 01: +0,84.589,42,Factory-New,Covert
Jan 09 2015 01: +0,80.996,58,Factory-New,Covert
Jan 10 2015 01: +0,81.903,64,Factory-New,Covert
Jan 11 2015 01: +0,79.024,50,Factory-New,Covert
Jan 12 2015 01: +0,77.338,45,Factory-New,Covert
Jan 13 2015 01: +0,77.947,55,Factory-New,Covert
Jan 14 2015 01: +0,81.966,49,Factory-New,Covert
Jan 15 2015 01: +0,82.759,52,Factory-New,Covert
Jan 16 2015 01: +0,79.516,44,Factory-New,Covert
Jan 17 2015 01: +0,78.406,57,Factory-New,Covert
Jan 18 2015 01: +0,76.902,63,Factory-New,Covert
Jan 19 2015 01: +0,78.934,59,Factory-New,Covert
Jan 20 2015 01: +0,79.353,43,Factory-New,Covert
Jan 21 2015 01: +0,77.708,48,Factory-New,Covert
Jan 22 2015 01: +0,76.535,61,Factory-New,Covert
Jan 23 2015 01: +0,76.301,51,Factory-New,Covert
Jan 24 2015 01: +0,76.401,64,Factory-New,Covert
Jan 25 2015 01: +0,77.599,63,Factory-New,Covert
Jan 26 2015 01: +0,74.558,54,Factory-New,Covert
Jan 27 2015 01: +0,74.296,50,Factory-New,Covert
Jan 28 2015 01: +0,73.935,44,Factory-New,Covert
Jan 29 2015 01: +0,74.889,58,Factory-New,Covert
Jan 30 2015 01: +0,75.261,65,Factory-New,Covert
Jan 31 2015 01: +0,75.922,72,Factory-New,Covert
Feb 01 2015 01: +0,75.172,91,Factory-New,Covert
Feb 02 2015 01: +0,79.395,86,Factory-New,Covert
Feb 03 2015 01: +0,81.153,45,Factory-New,Covert
Feb 04 2015 01: +0,81.302,64,Factory-New,Covert
Feb 05 2015 01: +0,79.623,47,Factory-New,Covert
Feb 06 2015 01: +0,79.305,33,Factory-New,Covert
Feb 07 2015 01: +0,79.235,67,Factory-New,Covert
Feb 08 2015 01: +0,76.558,60,Factory-New,Covert
Feb 09 2015 01: +0,77.262,56,Factory-New,Covert
Feb 10 2015 01: +0,78.292,39,Factory-New,Covert
Feb 11 2015 01: +0,78.613,57,Factory-New,Covert
Feb 12 2015 01: +0,76.861,54,Factory-New,Covert
Feb 13 2015 01: +0,74.495,73,Factory-New,Covert
Feb 14 2015 01: +0,77.264,75,Factory-New,Covert
Feb 15 2015 01: +0,76.207,60,Factory-New,Covert
Feb 16 2015 01: +0,76.602,55,Factory-New,Covert
Feb 17 2015 01: +0,77.402,52,Factory-New,Covert
Feb 18 2015 01: +0,79.088,50,Factory-New,Covert
Feb 19 2015 01: +0,76.503,57,Factory-New,Covert
Feb 20 2015 01: +0,76.662,70,Factory-New,Covert
Feb 21 2015 01: +0,76.512,60,Factory-New,Covert
Feb 22 2015 01: +0,76.97,61,Factory-New,Covert
Feb 23 2015 01: +0,76.273,62,Factory-New,Covert
Feb 24 2015 01: +0,77.876,48,Factory-New,Covert
Feb 25 2015 01: +0,80.22,54,Factory-New,Covert
Feb 26 2015 01: +0,79.341,46,Factory-New,Covert
Feb 27 2015 01: +0,79.736,81,Factory-New,Covert
Feb 28 2015 01: +0,79.217,55,Factory-New,Covert
Mar 01 2015 01: +0,77.358,53,Factory-New,Covert
Mar 02 2015 01: +0,74.689,56,Factory-New,Covert
Mar 03 2015 01: +0,78.571,46,Factory-New,Covert
Mar 04 2015 01: +0,77.874,53,Factory-New,Covert
Mar 05 2015 01: +0,76.148,48,Factory-New,Covert
Mar 06 2015 01: +0,75.712,62,Factory-New,Covert
Mar 07 2015 01: +0,77.789,60,Factory-New,Covert
Mar 08 2015 01: +0,77.433,54,Factory-New,Covert
Mar 09 2015 01: +0,75.258,51,Factory-New,Covert
Mar 10 2015 01: +0,74.94,49,Factory-New,Covert
Mar 11 2015 01: +0,76.993,44,Factory-New,Covert
Mar 12 2015 01: +0,73.996,45,Factory-New,Covert
Mar 13 2015 01: +0,74.341,53,Factory-New,Covert
Mar 14 2015 01: +0,74.916,81,Factory-New,Covert
Mar 15 2015 01: +0,72.18,58,Factory-New,Covert
Mar 16 2015 01: +0,72.166,72,Factory-New,Covert
Mar 17 2015 01: +0,74.991,57,Factory-New,Covert
Mar 18 2015 01: +0,73.651,49,Factory-New,Covert
Mar 19 2015 01: +0,74.8,62,Factory-New,Covert
Mar 20 2015 01: +0,77.653,45,Factory-New,Covert
Mar 21 2015 01: +0,79.096,67,Factory-New,Covert
Mar 22 2015 01: +0,79.699,53,Factory-New,Covert
Mar 23 2015 01: +0,77.595,35,Factory-New,Covert
Mar 24 2015 01: +0,76.445,36,Factory-New,Covert
Mar 25 2015 01: +0,78.555,49,Factory-New,Covert
Mar 26 2015 01: +0,76.706,51,Factory-New,Covert
Mar 27 2015 01: +0,82.906,57,Factory-New,Covert
Mar 28 2015 01: +0,79.153,54,Factory-New,Covert
Mar 29 2015 01: +0,76.943,66,Factory-New,Covert
Mar 30 2015 01: +0,78.028,64,Factory-New,Covert
Mar 31 2015 01: +0,80.463,66,Factory-New,Covert
Apr 01 2015 01: +0,75.483,75,Factory-New,Covert
Apr 02 2015 01: +0,77.341,73,Factory-New,Covert
Apr 03 2015 01: +0,79.174,71,Factory-New,Covert
Apr 04 2015 01: +0,78.551,62,Factory-New,Covert
Apr 05 2015 01: +0,78.165,66,Factory-New,Covert
Apr 06 2015 01: +0,76.01,77,Factory-New,Covert
Apr 07 2015 01: +0,77.163,77,Factory-New,Covert
Apr 08 2015 01: +0,80.624,89,Factory-New,Covert
Apr 09 2015 01: +0,80.276,61,Factory-New,Covert
Apr 10 2015 01: +0,81.715,54,Factory-New,Covert
Apr 11 2015 01: +0,79.794,80,Factory-New,Covert
Apr 12 2015 01: +0,77.42,63,Factory-New,Covert
Apr 13 2015 01: +0,72.308,78,Factory-New,Covert
Apr 14 2015 01: +0,69.655,59,Factory-New,Covert
Apr 15 2015 01: +0,68.819,65,Factory-New,Covert
Apr 16 2015 01: +0,64.197,103,Factory-New,Covert
Apr 17 2015 01: +0,61.993,94,Factory-New,Covert
Apr 18 2015 01: +0,65.161,87,Factory-New,Covert
Apr 19 2015 01: +0,65.734,73,Factory-New,Covert
Apr 20 2015 01: +0,67.106,57,Factory-New,Covert
Apr 21 2015 01: +0,63.817,71,Factory-New,Covert
Apr 22 2015 01: +0,64.85,72,Factory-New,Covert
Apr 23 2015 01: +0,64.57,75,Factory-New,Covert
Apr 24 2015 01: +0,68.173,89,Factory-New,Covert
Apr 25 2015 01: +0,67.994,63,Factory-New,Covert
Apr 26 2015 01: +0,65.283,76,Factory-New,Covert
Apr 27 2015 01: +0,67.511,69,Factory-New,Covert
Apr 28 2015 01: +0,67.774,60,Factory-New,Covert
Apr 29 2015 01: +0,70.532,52,Factory-New,Covert
Apr 30 2015 01: +0,70.9,68,Factory-New,Covert
May 01 2015 01: +0,64.221,122,Factory-New,Covert
May 02 2015 01: +0,71.962,83,Factory-New,Covert
May 03 2015 01: +0,68.204,74,Factory-New,Covert
May 04 2015 01: +0,68.736,78,Factory-New,Covert
May 05 2015 01: +0,68.694,80,Factory-New,Covert
May 06 2015 01: +0,70.871,72,Factory-New,Covert
May 07 2015 01: +0,69.555,56,Factory-New,Covert
