Steam_scrapper/Database_of_items_price/AK-47 _ Vulcan Factory-New.csv
Date,Price,Quantity Sold,exterior,rarity
May 08 2015 01: +0,68.944,79,Factory-New,Covert
May 09 2015 01: +0,69.89,81,Factory-New,Covert
May 10 2015 01: +0,69.653,82,Factory-New,Covert
May 11 2015 01: +0,69.197,68,Factory-New,Covert
May 12 2015 01: +0,67.061,76,Factory-New,Covert
May 13 2015 01: +0,68.329,83,Factory-New,Covert
May 14 2015 01: +0,69.749,72,Factory-New,Covert
May 15 2015 01: +0,70.67,71,Factory-New,Covert
May 16 2015 01: +0,72.255,70,Factory-New,Covert
May 17 2015 01: +0,69.391,78,Factory-New,Covert
May 18 2015 01: +0,69.525,60,Factory-New,Covert
May 19 2015 01: +0,69.764,63,Factory-New,Covert
May 20 2015 01: +0,71.976,59,Factory-New,Covert
May 21 2015 01: +0,72.592,43,Factory-New,Covert
May 22 2015 01: +0,73.663,69,Factory-New,Covert
May 23 2015 01: +0,72.781,71,Factory-New,Covert
May 24 2015 01: +0,73.174,68,Factory-New,Covert
May 25 2015 01: +0,75.051,63,Factory-New,Covert
May 26 2015 01: +0,76.883,68,Factory-New,Covert
May 27 2015 01: +0,65.503,91,Factory-New,Covert
May 28 2015 01: +0,67.886,78,Factory-New,Covert
May 29 2015 01: +0,71.984,95,Factory-New,Covert
May 30 2015 01: +0,73.262,69,Factory-New,Covert
May 31 2015 01: +0,70.952,63,Factory-New,Covert
Jun 01 2015 01: +0,71.059,61,Factory-New,Covert
Jun 02 2015 01: +0,70.997,72,Factory-New,Covert
Jun 03 2015 01: +0,72.399,69,Factory-New,Covert
Jun 04 2015 01: +0,72.128,48,Factory-New,Covert
Jun 05 2015 01: +0,69.334,85,Factory-New,Covert
Jun 06 2015 01: +0,69.845,61,Factory-New,Covert
Jun 07 2015 01: +0,67.165,79,Factory-New,Covert
Jun 08 2015 01: +0,71.37,76,Factory-New,Covert
Jun 09 2015 01: +0,74.468,65,Factory-New,Covert
Jun 10 2015 01: +0,72.616,77,Factory-New,Covert
Jun 11 2015 01: +0,69.422,62,Factory-New,Covert
Jun 12 2015 01: +0,70.569,86,Factory-New,Covert
Jun 13 2015 01: +0,72.215,79,Factory-New,Covert
Jun 14 2015 01: +0,68.377,80,Factory-New,Covert
Jun 15 2015 01: +0,69.352,72,Factory-New,Covert
Jun 16 2015 01: +0,71.517,92,Factory-New,Covert
Jun 17 2015 01: +0,70.675,64,Factory-New,Covert
Jun 18 2015 01: +0,71.961,55,Factory-New,Covert
Jun 19 2015 01: +0,67.428,70,Factory-New,Covert
Jun 20 2015 01: +0,68.759,58,Factory-New,Covert
Jun 21 2015 01: +0,67.969,62,Factory-New,Covert
Jun 22 2015 01: +0,67.419,56,Factory-New,Covert
Jun 23 2015 01: +0,67.57,72,Factory-New,Covert
Jun 24 2015 01: +0,70.036,53,Factory-New,Covert
Jun 25 2015 01: +0,73.295,62,Factory-New,Covert
Jun 26 2015 01: +0,74.31,66,Factory-New,Covert
Jun 27 2015 01: +0,70.718,49,Factory-New,Covert
Jun 28 2015 01: +0,73.11,73,Factory-New,Covert
Jun 29 2015 01: +0,74.191,64,Factory-New,Covert
Jun 30 2015 01: +0,77.666,48,Factory-New,Covert
Jul 01 2015 01: +0,78.268,42,Factory-New,Covert
Jul 02 2015 01: +0,75.072,59,Factory-New,Covert
Jul 03 2015 01: +0,74.774,62,Factory-New,Covert
Jul 04 2015 01: +0,76.318,46,Factory-New,Covert
Jul 05 2015 01: +0,74.026,61,Factory-New,Covert
Jul 06 2015 01: +0,74.086,62,Factory-New,Covert
Jul 07 2015 01: +0,72.559,55,Factory-New,Covert
Jul 08 2015 01: +0,74.066,40,Factory-New,Covert
Jul 09 2015 01: +0,76.987,51,Factory-New,Covert
Jul 10 2015 01: +0,75.651,53,Factory-New,Covert
Jul 11 2015 01: +0,75.723,62,Factory-New,Covert
Jul 12 2015 01: +0,76.356,51,Factory-New,Covert
Jul 13 2015 01: +0,74.019,70,Factory-New,Covert
Jul 14 2015 01: +0,75.896,55,Factory-New,Covert
Jul 15 2015 01: +0,74.062,49,Factory-New,Covert
Jul 16 2015 01: +0,74.538,41,Factory-New,Covert
Jul 17 2015 01: +0,76.054,64,Factory-New,Covert
Jul 18 2015 01: +0,77.857,41,Factory-New,Covert
Jul 19 2015 01: +0,77.124,45,Factory-New,Covert
Jul 20 2015 01: +0,77.338,55,Factory-New,Covert
Jul 21 2015 01: +0,77.477,50,Factory-New,Covert
Jul 22 2015 01: +0,78.735,41,Factory-New,Covert
Jul 23 2015 01: +0,74.026,52,Factory-New,Covert
Jul 24 2015 01: +0,78.29,44,Factory-New,Covert
Jul 25 2015 01: +0,77.247,49,Factory-New,Covert
Jul 26 2015 01: +0,76.617,39,Factory-New,Covert
Jul 27 2015 01: +0,75.989,44,Factory-New,Covert
Jul 28 2015 01: +0,72.151,50,Factory-New,Covert
Jul 29 2015 01: +0,75.003,52,Factory-New,Covert
Jul 30 2015 01: +0,75.786,46,Factory-New,Covert
Jul 31 2015 01: +0,76.437,52,Factory-New,Covert
Aug 01 2015 01: +0,74.633,61,Factory-New,Covert
Aug 02 2015 01: +0,75.414,58,Factory-New,Covert
Aug 03 2015 01: +0,76.522,52,Factory-New,Covert
Aug 04 2015 01: +0,80.325,47,Factory-New,Covert
Aug 05 2015 01: +0,75.962,44,Factory-New,Covert
Aug 06 2015 01: +0,74.795,53,Factory-New,Covert
Aug 07 2015 01: +0,77.653,48,Factory-New,Covert
Aug 08 2015 01: +0,77.5,47,Factory-New,Covert
Aug 09 2015 01: +0,73.462,57,Factory-New,Covert
Aug 10 2015 01: +0,76.439,49,Factory-New,Covert
Aug 11 2015 01: +0,78.52,50,Factory-New,Covert
Aug 12 2015 01: +0,77.861,45,Factory-New,Covert
Aug 13 2015 01: +0,77.274,40,Factory-New,Covert
Aug 14 2015 01: +0,75.976,49,Factory-New,Covert
Aug 15 2015 01: +0,76.57,60,Factory-New,Covert
Aug 16 2015 01: +0,72.073,48,Factory-New,Covert
Aug 17 2015 01: +0,73.099,45,Factory-New,Covert
Aug 18 2015 01: +0,75.833,47,Factory-New,Covert
Aug 19 2015 01: +0,76.675,40,Factory-New,Covert
Aug 20 2015 01: +0,78.327,49,Factory-New,Covert
Aug 21 2015 01: +0,74.704,46,Factory-New,Covert
Aug 22 2015 01: +0,76.147,56,Factory-New,Covert
Aug 23 2015 01: +0,70.108,71,Factory-New,Covert
Aug 24 2015 01: +0,71.613,61,Factory-New,Covert
Aug 25 2015 01: +0,78.882,54,Factory-New,Covert
Aug 26 2015 01: +0,79.951,45,Factory-New,Covert
Aug 27 2015 01: +0,78.953,38,Factory-New,Covert
Aug 28 2015 01: +0,81.767,43,Factory-New,Covert
Aug 29 2015 01: +0,82.663,50,Factory-New,Covert
Aug 30 2015 01: +0,82.012,55,Factory-New,Covert
Aug 31 2015 01: +0,85.341,43,Factory-New,Covert
Sep 01 2015 01: +0,83.129,41,Factory-New,Covert
Sep 02 2015 01: +0,86.045,39,Factory-New,Covert
Sep 03 2015 01: +0,84.144,39,Factory-New,Covert
Sep 04 2015 01: +0,84.721,48,Factory-New,Covert
Sep 05 2015 01: +0,86.415,62,Factory-New,Covert
Sep 06 2015 01: +0,90.073,51,Factory-New,Covert
Sep 07 2015 01: +0,83.613,39,Factory-New,Covert
Sep 08 2015 01: +0,84.606,45,Factory-New,Covert
Sep 09 2015 01: +0,86.149,38,Factory-New,Covert
Sep 10 2015 01: +0,87.445,33,Factory-New,Covert
Sep 11 2015 01: +0,89.117,52,Factory-New,Covert
Sep 12 2015 01: +0,88.534,47,Factory-New,Covert
Sep 13 2015 01: +0,90.092,44,Factory-New,Covert
Sep 14 2015 01: +0,91.616,33,Factory-New,Covert
Sep 15 2015 01: +0,90.622,45,Factory-New,Covert
Sep 16 2015 01: +0,95.511,37,Factory-New,Covert
Sep 17 2015 01: +0,93.479,30,Factory-New,Covert
Sep 18 2015 01: +0,87.06,61,Factory-New,Covert
Sep 19 2015 01: +0,86.76,50,Factory-New,Covert
Sep 20 2015 01: +0,85.703,41,Factory-New,Covert
Sep 21 2015 01: +0,85.563,33,Factory-New,Covert
Sep 22 2015 01: +0,86.302,39,Factory-New,Covert
Sep 23 2015 01: +0,87.836,25,Factory-New,Covert
Sep 24 2015 01: +0,88.012,31,Factory-New,Covert
Sep 25 2015 01: +0,88.776,34,Factory-New,Covert
Sep 26 2015 01: +0,83.651,44,Factory-New,Covert
Sep 27 2015 01: +0,82.308,44,Factory-New,Covert
Sep 28 2015 01: +0,84.792,30,Factory-New,Covert
Sep 29 2015 01: +0,87.646,43,Factory-New,Covert
Sep 30 2015 01: +0,88.16,37,Factory-New,Covert
Oct 01 2015 01: +0,89.985,26,Factory-New,Covert
Oct 02 2015 01: +0,90.542,40,Factory-New,Covert
Oct 03 2015 01: +0,93.831,29,Factory-New,Covert
Oct 04 2015 01: +0,89.481,25,Factory-New,Covert
Oct 05 2015 01: +0,89.959,35,Factory-New,Covert
Oct 06 2015 01: +0,91.46,33,Factory-New,Covert
Oct 07 2015 01: +0,95.473,26,Factory-New,Covert
Oct 08 2015 01: +0,92.324,34,Factory-New,Covert
Oct 09 2015 01: +0,94.976,33,Factory-New,Covert
Oct 10 2015 01: +0,94.508,24,Factory-New,Covert
Oct 11 2015 01: +0,91.421,40,Factory-New,Covert
Oct 12 2015 01: +0,92.053,29,Factory-New,Covert
Oct 13 2015 01: +0,92.684,31,Factory-New,Covert
Oct 14 2015 01: +0,88.52,20,Factory-New,Covert
Oct 15 2015 01: +0,90.752,21,Factory-New,Covert
Oct 16 2015 01: +0,91.698,29,Factory-New,Covert
Oct 17 2015 01: +0,92.223,42,Factory-New,Covert
Oct 18 2015 01: +0,96.253,35,Factory-New,Covert
Oct 19 2015 01: +0,91.583,21,Factory-New,Covert
Oct 20 2015 01: +0,91.682,37,Factory-New,Covert
Oct 21 2015 01: +0,89.659,27,Factory-New,Covert
Oct 22 2015 01: +0,90.586,23,Factory-New,Covert
Oct 23 2015 01: +0,89.827,30,Factory-New,Covert
Oct 24 2015 01: +0,88.267,32,Factory-New,Covert
Oct 25 2015 01: +0,87.742,38,Factory-New,Covert
Oct 26 2015 01: +0,91.564,28,Factory-New,Covert
Oct 27 2015 01: +0,90.039,23,Factory-New,Covert
Oct 28 2015 01: +0,88.655,28,Factory-New,Covert
Oct 29 2015 01: +0,86.908,29,Factory-New,Covert
Oct 30 2015 01: +0,88.827,29,Factory-New,Covert
Oct 31 2015 01: +0,88.025,35,Factory-New,Covert
Nov 01 2015 01: +0,84.458,32,Factory-New,Covert
Nov 02 2015 01: +0,84.846,28,Factory-New,Covert
Nov 03 2015 01: +0,87.257,39,Factory-New,Covert
Nov 04 2015 01: +0,83.771,26,Factory-New,Covert
Nov 05 2015 01: +0,90.066,41,Factory-New,Covert
Nov 06 2015 01: +0,87.432,32,Factory-New,Covert
Nov 07 2015 01: +0,83.745,32,Factory-New,Covert
Nov 08 2015 01: +0,83.732,30,Factory-New,Covert
Nov 09 2015 01: +0,76.754,26,Factory-New,Covert
Nov 10 2015 01: +0,79.037,23,Factory-New,Covert
Nov 11 2015 01: +0,79.598,31,Factory-New,Covert
Nov 12 2015 01: +0,79.873,21,Factory-New,Covert
Nov 13 2015 01: +0,77.189,32,Factory-New,Covert
Nov 14 2015 01: +0,80.846,38,Factory-New,Covert
Nov 15 2015 01: +0,80.902,30,Factory-New,Covert
Nov 16 2015 01: +0,83.514,27,Factory-New,Covert
Nov 17 2015 01: +0,84.869,15,Factory-New,Covert
Nov 18 2015 01: +0,85.962,28,Factory-New,Covert
Nov 19 2015 01: +0,86.618,21,Factory-New,Covert
Nov 20 2015 01: +0,83.761,21,Factory-New,Covert
Nov 21 2015 01: +0,85.126,24,Factory-New,Covert
Nov 22 2015 01: +0,88.396,20,Factory-New,Covert
Nov 23 2015 01: +0,93.98,20,Factory-New,Covert
Nov 24 2015 01: +0,91.084,28,Factory-New,Covert
Nov 25 2015 01: +0,85.845,27,Factory-New,Covert
Nov 26 2015 01: +0,82.964,30,Factory-New,Covert
Nov 27 2015 01: +0,84.469,31,Factory-New,Covert
Nov 28 2015 01: +0,84.186,25,Factory-New,Covert
Nov 29 2015 01: +0,82.749,30,Factory-New,Covert
Nov 30 2015 01: +0,84.494,34,Factory-New,Covert
Dec 01 2015 01: +0,80.623,34,Factory-New,Covert
Dec 02 2015 01: +0,80.967,24,Factory-New,Covert
Dec 03 2015 01: +0,85.6,27,Factory-New,Covert
Dec 04 2015 01: +0,88.18,20,Factory-New,Covert
Dec 05 2015 01: +0,85.793,30,Factory-New,Covert
Dec 06 2015 01: +0,85.18,21,Factory-New,Covert
Dec 07 2015 01: +0,91.561,32,Factory-New,Covert
Dec 08 2015 01: +0,90.8,17,Factory-New,Covert
Dec 09 2015 01: +0,86.936,36,Factory-New,Covert
Dec 10 2015 01: +0,83.573,21,Factory-New,Covert
Dec 11 2015 01: +0,82.704,30,Factory-New,Covert
Dec 12 2015 01: +0,82.63,28,Factory-New,Covert
Dec 13 2015 01: +0,79.47,26,Factory-New,Covert
Dec 14 2015 01: +0,83.775,22,Factory-New,Covert
Dec 15 2015 01: +0,84.147,31,Factory-New,Covert
Dec 16 2015 01: +0,86.236,20,Factory-New,Covert
Dec 17 2015 01: +0,83.756,24,Factory-New,Covert
Dec 18 2015 01: +0,82.592,25,Factory-New,Covert
Dec 19 2015 01: +0,83.723,28,Factory-New,Covert
Dec 20 2015 01: +0,77.592,27,Factory-New,Covert
Dec 21 2015 01: +0,79.779,32,Factory-New,Covert
Dec 22 2015 01: +0,76.53,18,Factory-New,Covert
Dec 23 2015 01: +0,77.825,36,Factory-New,Covert
Dec 24 2015 01: +0,77.371,37,Factory-New,Covert
Dec 25 2015 01: +0,83.813,39,Factory-New,Covert
Dec 26 2015 01: +0,82.737,38,Factory-New,Covert
Dec 27 2015 01: +0,87.133,42,Factory-New,Covert
Dec 28 2015 01: +0,84.472,26,Factory-New,Covert
Dec 29 2015 01: +0,83.28,30,Factory-New,Covert
Dec 30 2015 01: +0,81.382,32,Factory-New,Covert
Dec 31 2015 01: +0,80.243,37,Factory-New,Covert
Jan 01 2016 01: +0,80.526,38,Factory-New,Covert
Jan 02 2016 01: +0,78.252,30,Factory-New,Covert
Jan 03 2016 01: +0,77.979,40,Factory-New,Covert
Jan 04 2016 01: +0,77.703,33,Factory-New,Covert
Jan 05 2016 01: +0,79.858,24,Factory-New,Covert
Jan 06 2016 01: +0,77.216,44,Factory-New,Covert
Jan 07 2016 01: +0,79.922,29,Factory-New,Covert
Jan 08 2016 01: +0,81.068,36,Factory-New,Covert
Jan 09 2016 01: +0,81.524,33,Factory-New,Covert
Jan 10 2016 01: +0,82.374,23,Factory-New,Covert
Jan 11 2016 01: +0,81.825,31,Factory-New,Covert
Jan 12 2016 01: +0,81.45,33,Factory-New,Covert
Jan 13 2016 01: +0,82.876,23,Factory-New,Covert
Jan 14 2016 01: +0,83.023,28,Factory-New,Covert
Jan 15 2016 01: +0,82.31,40,Factory-New,Covert
Jan 16 2016 01: +0,84.124,29,Factory-New,Covert
Jan 17 2016 01: +0,83.136,26,Factory-New,Covert
Jan 18 2016 01: +0,85.276,21,Factory-New,Covert
Jan 19 2016 01: +0,81.865,31,Factory-New,Covert
Jan 20 2016 01: +0,86.009,19,Factory-New,Covert
Jan 21 2016 01: +0,90.406,30,Factory-New,Covert
Jan 22 2016 01: +0,88.795,24,Factory-New,Covert
Jan 23 2016 01: +0,89.234,25,Factory-New,Covert
Jan 24 2016 01: +0,90.721,26,Factory-New,Covert
Jan 25 2016 01: +0,91.646,21,Factory-New,Covert
Jan 26 2016 01: +0,95.075,14,Factory-New,Covert
Jan 27 2016 01: +0,87.452,19,Factory-New,Covert
Jan 28 2016 01: +0,86.02,36,Factory-New,Covert
Jan 29 2016 01: +0,89.416,26,Factory-New,Covert
Jan 30 2016 01: +0,85.962,24,Factory-New,Covert
Jan 31 2016 01: +0,89.415,25,Factory-New,Covert
Feb 01 2016 01: +0,89.943,23,Factory-New,Covert
Feb 02 2016 01: +0,88.433,22,Factory-New,Covert
Feb 03 2016 01: +0,87.366,15,Factory-New,Covert
Feb 04 2016 01: +0,86.472,23,Factory-New,Covert
Feb 05 2016 01: +0,90.902,33,Factory-New,Covert
Feb 06 2016 01: +0,88.686,23,Factory-New,Covert
Feb 07 2016 01: +0,89.862,26,Factory-New,Covert
Feb 08 2016 01: +0,90.507,24,Factory-New,Covert
Feb 09 2016 01: +0,96.95,37,Factory-New,Covert
Feb 10 2016 01: +0,91.483,23,Factory-New,Covert
Feb 11 2016 01: +0,89.376,18,Factory-New,Covert
Feb 12 2016 01: +0,86.908,22,Factory-New,Covert
Feb 13 2016 01: +0,90.135,29,Factory-New,Covert
Feb 14 2016 01: +0,89.314,27,Factory-New,Covert
Feb 15 2016 01: +0,91.993,27,Factory-New,Covert
Feb 16 2016 01: +0,87.985,17,Factory-New,Covert
Feb 17 2016 01: +0,85.591,27,Factory-New,Covert
Feb 18 2016 01: +0,83.87,39,Factory-New,Covert
Feb 19 2016 01: +0,82.022,27,Factory-New,Covert
Feb 20 2016 01: +0,87.127,22,Factory-New,Covert
Feb 21 2016 01: +0,85.79,34,Factory-New,Covert
Feb 22 2016 01: +0,86.64,27,Factory-New,Covert
Feb 23 2016 01: +0,88.67,43,Factory-New,Covert
Feb 24 2016 01: +0,89.515,12,Factory-New,Covert
Feb 25 2016 01: +0,90.464,31,Factory-New,Covert
Feb 26 2016 01: +0,91.539,23,Factory-New,Covert
Feb 27 2016 01: +0,88.13,27,Factory-New,Covert
Feb 28 2016 01: +0,90.478,15,Factory-New,Covert
Feb 29 2016 01: +0,87.038,16,Factory-New,Covert
Mar 01 2016 01: +0,89.561,25,Factory-New,Covert
Mar 02 2016 01: +0,89.013,18,Factory-New,Covert
Mar 03 2016 01: +0,92.748,23,Factory-New,Covert
Mar 04 2016 01: +0,88.737,18,Factory-New,Covert
Mar 05 2016 01: +0,87.842,28,Factory-New,Covert
Mar 06 2016 01: +0,87.778,34,Factory-New,Covert
Mar 07 2016 01: +0,93.22,27,Factory-New,Covert
Mar 08 2016 01: +0,85.756,26,Factory-New,Covert
Mar 09 2016 01: +0,86.818,23,Factory-New,Covert
Mar 10 2016 01: +0,86.465,19,Factory-New,Covert
Mar 11 2016 01: +0,86.593,12,Factory-New,Covert
Mar 12 2016 01: +0,85.109,23,Factory-New,Covert
Mar 13 2016 01: +0,82.168,24,Factory-New,Covert
Mar 14 2016 01: +0,83.943,27,Factory-New,Covert
Mar 15 2016 01: +0,87.475,23,Factory-New,Covert
Mar 16 2016 01: +0,87.865,18,Factory-New,Covert
Mar 17 2016 01: +0,86.558,20,Factory-New,Covert
Mar 18 2016 01: +0,95.551,26,Factory-New,Covert
Mar 19 2016 01: +0,90.144,18,Factory-New,Covert
Mar 20 2016 01: +0,95.448,27,Factory-New,Covert
Mar 21 2016 01: +0,90.83,15,Factory-New,Covert
Mar 22 2016 01: +0,91.556,18,Factory-New,Covert
Mar 23 2016 01: +0,92.683,19,Factory-New,Covert
Mar 24 2016 01: +0,92.398,19,Factory-New,Covert
Mar 25 2016 01: +0,92.736,23,Factory-New,Covert
Mar 26 2016 01: +0,93.734,32,Factory-New,Covert
Mar 27 2016 01: +0,88.421,15,Factory-New,Covert
Mar 28 2016 01: +0,89.26,13,Factory-New,Covert
Mar 29 2016 01: +0,89.97,31,Factory-New,Covert
Mar 30 2016 01: +0,94.992,20,Factory-New,Covert
Mar 31 2016 01: +0,91.993,21,Factory-New,Covert
Apr 01 2016 01: +0,94.52,21,Factory-New,Covert
Apr 02 2016 01: +0,91.876,36,Factory-New,Covert
Apr 03 2016 01: +0,90.082,34,Factory-New,Covert
Apr 04 2016 01: +0,89.263,30,Factory-New,Covert
Apr 05 2016 01: +0,92.851,33,Factory-New,Covert
Apr 06 2016 01: +0,92.237,26,Factory-New,Covert
Apr 07 2016 01: +0,89.152,20,Factory-New,Covert
Apr 08 2016 01: +0,95.776,17,Factory-New,Covert
Apr 09 2016 01: +0,93.066,22,Factory-New,Covert
Apr 10 2016 01: +0,90.875,29,Factory-New,Covert
Apr 11 2016 01: +0,90.433,22,Factory-New,Covert
Apr 12 2016 01: +0,90.299,27,Factory-New,Covert
Apr 13 2016 01: +0,92.475,27,Factory-New,Covert
Apr 14 2016 01: +0,94.296,22,Factory-New,Covert
Apr 15 2016 01: +0,92.54,20,Factory-New,Covert
Apr 16 2016 01: +0,90.438,31,Factory-New,Covert
Apr 17 2016 01: +0,92.217,26,Factory-New,Covert
Apr 18 2016 01: +0,93.863,19,Factory-New,Covert
Apr 19 2016 01: +0,95.997,35,Factory-New,Covert
Apr 20 2016 01: +0,98.15,23,Factory-New,Covert
Apr 21 2016 01: +0,94.152,20,Factory-New,Covert
Apr 22 2016 01: +0,96.654,28,Factory-New,Covert
Apr 23 2016 01: +0,92.52,17,Factory-New,Covert
Apr 24 2016 01: +0,89.409,29,Factory-New,Covert
Apr 25 2016 01: +0,90.41,27,Factory-New,Covert
Apr 26 2016 01: +0,92.685,19,Factory-New,Covert
Apr 27 2016 01: +0,89.131,24,Factory-New,Covert
Apr 28 2016 01: +0,89.297,32,Factory-New,Covert
Apr 29 2016 01: +0,91.567,29,Factory-New,Covert
Apr 30 2016 01: +0,90.109,28,Factory-New,Covert
May 01 2016 01: +0,89.099,21,Factory-New,Covert
May 02 2016 01: +0,93.924,33,Factory-New,Covert
May 03 2016 01: +0,92.28,23,Factory-New,Covert
May 04 2016 01: +0,97.096,25,Factory-New,Covert
May 05 2016 01: +0,92.554,29,Factory-New,Covert
May 06 2016 01: +0,93.636,25,Factory-New,Covert
May 07 2016 01: +0,93.921,22,Factory-New,Covert
May 08 2016 01: +0,90.69,25,Factory-New,Covert
May 09 2016 01: +0,93.87,16,Factory-New,Covert
May 10 2016 01: +0,87.689,15,Factory-New,Covert
May 11 2016 01: +0,87.057,17,Factory-New,Covert
May 12 2016 01: +0,86.022,26,Factory-New,Covert
May 13 2016 01: +0,88.119,18,Factory-New,Covert
May 14 2016 01: +0,84.552,30,Factory-New,Covert
