Steam_scrapper/Database_of_items_price/AK-47 _ Vulcan Factory-New.csv
Date,Price,Quantity Sold,exterior,rarity
May 15 2016 01: +0,85.529,24,Factory-New,Covert
May 16 2016 01: +0,81.903,14,Factory-New,Covert
May 17 2016 01: +0,82.347,29,Factory-New,Covert
May 18 2016 01: +0,80.493,23,Factory-New,Covert
May 19 2016 01: +0,78.362,23,Factory-New,Covert
May 20 2016 01: +0,79.475,32,Factory-New,Covert
May 21 2016 01: +0,84.183,21,Factory-New,Covert
May 22 2016 01: +0,79.474,27,Factory-New,Covert
May 23 2016 01: +0,80.76,17,Factory-New,Covert
May 24 2016 01: +0,82.883,19,Factory-New,Covert
May 25 2016 01: +0,78.228,20,Factory-New,Covert
May 26 2016 01: +0,79.579,22,Factory-New,Covert
May 27 2016 01: +0,79.699,25,Factory-New,Covert
May 28 2016 01: +0,80.634,27,Factory-New,Covert
May 29 2016 01: +0,82.207,20,Factory-New,Covert
May 30 2016 01: +0,82.917,15,Factory-New,Covert
May 31 2016 01: +0,78.963,19,Factory-New,Covert
Jun 01 2016 01: +0,76.658,36,Factory-New,Covert
Jun 02 2016 01: +0,77.705,21,Factory-New,Covert
Jun 03 2016 01: +0,75.945,19,Factory-New,Covert
Jun 04 2016 01: +0,76.477,25,Factory-New,Covert
Jun 05 2016 01: +0,75.837,22,Factory-New,Covert
Jun 06 2016 01: +0,76.099,25,Factory-New,Covert
Jun 07 2016 01: +0,72.861,16,Factory-New,Covert
Jun 08 2016 01: +0,73.665,25,Factory-New,Covert
Jun 09 2016 01: +0,78.581,19,Factory-New,Covert
Jun 10 2016 01: +0,82.745,28,Factory-New,Covert
Jun 11 2016 01: +0,74.315,27,Factory-New,Covert
Jun 12 2016 01: +0,76.514,27,Factory-New,Covert
Jun 13 2016 01: +0,71.785,26,Factory-New,Covert
Jun 14 2016 01: +0,67.932,19,Factory-New,Covert
Jun 15 2016 01: +0,72.7,26,Factory-New,Covert
Jun 16 2016 01: +0,67.714,27,Factory-New,Covert
Jun 17 2016 01: +0,68.594,36,Factory-New,Covert
Jun 18 2016 01: +0,67.581,37,Factory-New,Covert
Jun 19 2016 01: +0,65.958,30,Factory-New,Covert
Jun 20 2016 01: +0,49.07,92,Factory-New,Covert
Jun 21 2016 01: +0,50.188,43,Factory-New,Covert
Jun 22 2016 01: +0,66.096,37,Factory-New,Covert
Jun 23 2016 01: +0,60.507,39,Factory-New,Covert
Jun 24 2016 01: +0,61.813,47,Factory-New,Covert
Jun 25 2016 01: +0,57.755,38,Factory-New,Covert
Jun 26 2016 01: +0,57.46,46,Factory-New,Covert
Jun 27 2016 01: +0,59.15,34,Factory-New,Covert
Jun 28 2016 01: +0,58.743,41,Factory-New,Covert
Jun 29 2016 01: +0,59.993,36,Factory-New,Covert
Jun 30 2016 01: +0,59.824,27,Factory-New,Covert
Jul 01 2016 01: +0,57.754,42,Factory-New,Covert
Jul 02 2016 01: +0,58.367,32,Factory-New,Covert
Jul 03 2016 01: +0,56.49,33,Factory-New,Covert
Jul 04 2016 01: +0,58.765,35,Factory-New,Covert
Jul 05 2016 01: +0,57.257,34,Factory-New,Covert
Jul 06 2016 01: +0,61.867,37,Factory-New,Covert
Jul 07 2016 01: +0,63.453,38,Factory-New,Covert
Jul 08 2016 01: +0,64.186,33,Factory-New,Covert
Jul 09 2016 01: +0,60.565,36,Factory-New,Covert
Jul 10 2016 01: +0,60.157,42,Factory-New,Covert
Jul 11 2016 01: +0,57.909,33,Factory-New,Covert
Jul 12 2016 01: +0,60.708,25,Factory-New,Covert
Jul 13 2016 01: +0,62.678,28,Factory-New,Covert
Jul 14 2016 01: +0,57.442,45,Factory-New,Covert
Jul 15 2016 01: +0,57.72,33,Factory-New,Covert
Jul 16 2016 01: +0,60.75,39,Factory-New,Covert
Jul 17 2016 01: +0,63.271,22,Factory-New,Covert
Jul 18 2016 01: +0,61.483,40,Factory-New,Covert
Jul 19 2016 01: +0,61.719,33,Factory-New,Covert
Jul 20 2016 01: +0,58.216,37,Factory-New,Covert
Jul 21 2016 01: +0,58.98,34,Factory-New,Covert
Jul 22 2016 01: +0,58.469,36,Factory-New,Covert
Jul 23 2016 01: +0,59.261,24,Factory-New,Covert
Jul 24 2016 01: +0,59.724,34,Factory-New,Covert
Jul 25 2016 01: +0,61.724,38,Factory-New,Covert
Jul 26 2016 01: +0,55.89,31,Factory-New,Covert
Jul 27 2016 01: +0,56.971,40,Factory-New,Covert
Jul 28 2016 01: +0,57.201,27,Factory-New,Covert
Jul 29 2016 01: +0,58.01,53,Factory-New,Covert
Jul 30 2016 01: +0,57.531,48,Factory-New,Covert
Jul 31 2016 01: +0,56.475,32,Factory-New,Covert
Aug 01 2016 01: +0,55.985,44,Factory-New,Covert
Aug 02 2016 01: +0,54.984,36,Factory-New,Covert
Aug 03 2016 01: +0,55.24,44,Factory-New,Covert
Aug 04 2016 01: +0,54.119,32,Factory-New,Covert
Aug 05 2016 01: +0,54.436,49,Factory-New,Covert
Aug 06 2016 01: +0,55.327,29,Factory-New,Covert
Aug 07 2016 01: +0,49.67,34,Factory-New,Covert
Aug 08 2016 01: +0,52.185,43,Factory-New,Covert
Aug 09 2016 01: +0,55.935,47,Factory-New,Covert
Aug 10 2016 01: +0,51.603,28,Factory-New,Covert
Aug 11 2016 01: +0,50.71,46,Factory-New,Covert
Aug 12 2016 01: +0,50.576,43,Factory-New,Covert
Aug 13 2016 01: +0,49.438,44,Factory-New,Covert
Aug 14 2016 01: +0,46.241,50,Factory-New,Covert
Aug 15 2016 01: +0,48.781,42,Factory-New,Covert
Aug 16 2016 01: +0,52.786,44,Factory-New,Covert
Aug 17 2016 01: +0,52.034,33,Factory-New,Covert
Aug 18 2016 01: +0,50.38,52,Factory-New,Covert
Aug 19 2016 01: +0,45.909,62,Factory-New,Covert
Aug 20 2016 01: +0,48.606,41,Factory-New,Covert
Aug 21 2016 01: +0,48.524,56,Factory-New,Covert
Aug 22 2016 01: +0,48.032,50,Factory-New,Covert
Aug 23 2016 01: +0,49.601,45,Factory-New,Covert
Aug 24 2016 01: +0,47.769,46,Factory-New,Covert
Aug 25 2016 01: +0,46.741,48,Factory-New,Covert
Aug 26 2016 01: +0,46.353,49,Factory-New,Covert
Aug 27 2016 01: +0,47.914,53,Factory-New,Covert
Aug 28 2016 01: +0,47.42,48,Factory-New,Covert
Aug 29 2016 01: +0,52.339,41,Factory-New,Covert
Aug 30 2016 01: +0,52.081,32,Factory-New,Covert
Aug 31 2016 01: +0,50.36,35,Factory-New,Covert
Sep 01 2016 01: +0,48.662,38,Factory-New,Covert
Sep 02 2016 01: +0,48.496,51,Factory-New,Covert
Sep 03 2016 01: +0,49.789,60,Factory-New,Covert
Sep 04 2016 01: +0,50.145,36,Factory-New,Covert
Sep 05 2016 01: +0,48.338,52,Factory-New,Covert
Sep 06 2016 01: +0,48.998,31,Factory-New,Covert
Sep 07 2016 01: +0,48.499,32,Factory-New,Covert
Sep 08 2016 01: +0,48.281,42,Factory-New,Covert
Sep 09 2016 01: +0,50.009,42,Factory-New,Covert
Sep 10 2016 01: +0,52.299,45,Factory-New,Covert
Sep 11 2016 01: +0,49.268,49,Factory-New,Covert
Sep 12 2016 01: +0,50.525,37,Factory-New,Covert
Sep 13 2016 01: +0,50.993,36,Factory-New,Covert
Sep 14 2016 01: +0,51.259,35,Factory-New,Covert
Sep 15 2016 01: +0,50.198,38,Factory-New,Covert
Sep 16 2016 01: +0,49.688,38,Factory-New,Covert
Sep 17 2016 01: +0,50.156,55,Factory-New,Covert
Sep 18 2016 01: +0,50.895,40,Factory-New,Covert
Sep 19 2016 01: +0,50.136,33,Factory-New,Covert
Sep 20 2016 01: +0,50.665,27,Factory-New,Covert
Sep 21 2016 01: +0,49.069,29,Factory-New,Covert
Sep 22 2016 01: +0,48.849,28,Factory-New,Covert
Sep 23 2016 01: +0,51.856,47,Factory-New,Covert
Sep 24 2016 01: +0,54.737,36,Factory-New,Covert
Sep 25 2016 01: +0,49.036,31,Factory-New,Covert
Sep 26 2016 01: +0,49.001,40,Factory-New,Covert
Sep 27 2016 01: +0,49.818,30,Factory-New,Covert
Sep 28 2016 01: +0,51.807,31,Factory-New,Covert
Sep 29 2016 01: +0,54.056,29,Factory-New,Covert
Sep 30 2016 01: +0,58.017,28,Factory-New,Covert
Oct 01 2016 01: +0,55.285,44,Factory-New,Covert
Oct 02 2016 01: +0,55.361,34,Factory-New,Covert
Oct 03 2016 01: +0,50.451,27,Factory-New,Covert
Oct 04 2016 01: +0,57.428,42,Factory-New,Covert
Oct 05 2016 01: +0,50.698,21,Factory-New,Covert
Oct 06 2016 01: +0,52.306,33,Factory-New,Covert
Oct 07 2016 01: +0,52.694,42,Factory-New,Covert
Oct 08 2016 01: +0,53.931,31,Factory-New,Covert
Oct 09 2016 01: +0,51.692,40,Factory-New,Covert
Oct 10 2016 01: +0,50.095,45,Factory-New,Covert
Oct 11 2016 01: +0,50.836,63,Factory-New,Covert
Oct 12 2016 01: +0,49.874,35,Factory-New,Covert
Oct 13 2016 01: +0,51.929,28,Factory-New,Covert
Oct 14 2016 01: +0,49.633,43,Factory-New,Covert
Oct 15 2016 01: +0,49.405,40,Factory-New,Covert
Oct 16 2016 01: +0,50.084,49,Factory-New,Covert
Oct 17 2016 01: +0,48.816,32,Factory-New,Covert
Oct 18 2016 01: +0,49.652,39,Factory-New,Covert
Oct 19 2016 01: +0,51.281,25,Factory-New,Covert
Oct 20 2016 01: +0,49.534,27,Factory-New,Covert
Oct 21 2016 01: +0,47.732,43,Factory-New,Covert
Oct 22 2016 01: +0,47.432,43,Factory-New,Covert
Oct 23 2016 01: +0,50.871,37,Factory-New,Covert
Oct 24 2016 01: +0,49.407,29,Factory-New,Covert
Oct 25 2016 01: +0,47.464,38,Factory-New,Covert
Oct 26 2016 01: +0,46.692,24,Factory-New,Covert
Oct 27 2016 01: +0,44.413,32,Factory-New,Covert
Oct 28 2016 01: +0,43.924,43,Factory-New,Covert
Oct 29 2016 01: +0,44.237,40,Factory-New,Covert
Oct 30 2016 01: +0,46.312,36,Factory-New,Covert
Oct 31 2016 01: +0,51.586,36,Factory-New,Covert
Nov 01 2016 01: +0,47.532,43,Factory-New,Covert
Nov 02 2016 01: +0,49.528,25,Factory-New,Covert
Nov 03 2016 01: +0,52.009,39,Factory-New,Covert
Nov 04 2016 01: +0,51.183,30,Factory-New,Covert
Nov 05 2016 01: +0,50.228,34,Factory-New,Covert
Nov 06 2016 01: +0,48.7,36,Factory-New,Covert
Nov 07 2016 01: +0,51.253,28,Factory-New,Covert
Nov 08 2016 01: +0,52.507,28,Factory-New,Covert
Nov 09 2016 01: +0,51.328,35,Factory-New,Covert
Nov 10 2016 01: +0,51.709,34,Factory-New,Covert
Nov 11 2016 01: +0,55.405,28,Factory-New,Covert
Nov 12 2016 01: +0,51.704,36,Factory-New,Covert
Nov 13 2016 01: +0,49.399,37,Factory-New,Covert
Nov 14 2016 01: +0,50.524,21,Factory-New,Covert
Nov 15 2016 01: +0,50.009,28,Factory-New,Covert
Nov 16 2016 01: +0,51.134,27,Factory-New,Covert
Nov 17 2016 01: +0,51.859,36,Factory-New,Covert
Nov 18 2016 01: +0,49.152,29,Factory-New,Covert
Nov 19 2016 01: +0,49.671,38,Factory-New,Covert
Nov 20 2016 01: +0,45.604,44,Factory-New,Covert
Nov 21 2016 01: +0,45.509,28,Factory-New,Covert
Nov 22 2016 01: +0,45.005,28,Factory-New,Covert
Nov 23 2016 01: +0,47.53,25,Factory-New,Covert
Nov 24 2016 01: +0,48.459,30,Factory-New,Covert
Nov 25 2016 01: +0,46.865,35,Factory-New,Covert
Nov 26 2016 01: +0,44.67,42,Factory-New,Covert
Nov 27 2016 01: +0,44.648,35,Factory-New,Covert
Nov 28 2016 01: +0,43.682,26,Factory-New,Covert
Nov 29 2016 01: +0,43.233,35,Factory-New,Covert
Nov 30 2016 01: +0,45.448,34,Factory-New,Covert
Dec 01 2016 01: +0,49.259,38,Factory-New,Covert
Dec 02 2016 01: +0,52.153,40,Factory-New,Covert
Dec 03 2016 01: +0,50.049,38,Factory-New,Covert
Dec 04 2016 01: +0,49.008,28,Factory-New,Covert
Dec 05 2016 01: +0,49.62,25,Factory-New,Covert
Dec 06 2016 01: +0,49.369,34,Factory-New,Covert
Dec 07 2016 01: +0,49.081,31,Factory-New,Covert
Dec 08 2016 01: +0,49.175,33,Factory-New,Covert
Dec 09 2016 01: +0,52.12,38,Factory-New,Covert
Dec 10 2016 01: +0,49.309,37,Factory-New,Covert
Dec 11 2016 01: +0,48.608,39,Factory-New,Covert
Dec 12 2016 01: +0,48.792,42,Factory-New,Covert
Dec 13 2016 01: +0,49.141,31,Factory-New,Covert
Dec 14 2016 01: +0,48.096,21,Factory-New,Covert
Dec 15 2016 01: +0,51.173,27,Factory-New,Covert
Dec 16 2016 01: +0,52.314,22,Factory-New,Covert
Dec 17 2016 01: +0,51.88,25,Factory-New,Covert
Dec 18 2016 01: +0,51.898,24,Factory-New,Covert
Dec 19 2016 01: +0,50.724,22,Factory-New,Covert
Dec 20 2016 01: +0,50.25,29,Factory-New,Covert
Dec 21 2016 01: +0,52.846,28,Factory-New,Covert
Dec 22 2016 01: +0,56.228,23,Factory-New,Covert
Dec 23 2016 01: +0,54.399,21,Factory-New,Covert
Dec 24 2016 01: +0,53.269,30,Factory-New,Covert
Dec 25 2016 01: +0,54.111,47,Factory-New,Covert
Dec 26 2016 01: +0,55.166,41,Factory-New,Covert
Dec 27 2016 01: +0,52.054,36,Factory-New,Covert
Dec 28 2016 01: +0,54.586,33,Factory-New,Covert
Dec 29 2016 01: +0,54.012,35,Factory-New,Covert
Dec 30 2016 01: +0,55.277,31,Factory-New,Covert
Dec 31 2016 01: +0,55.431,31,Factory-New,Covert
Jan 01 2017 01: +0,54.503,46,Factory-New,Covert
Jan 02 2017 01: +0,54.576,35,Factory-New,Covert
Jan 03 2017 01: +0,55.378,27,Factory-New,Covert
Jan 04 2017 01: +0,56.34,29,Factory-New,Covert
Jan 05 2017 01: +0,59.151,25,Factory-New,Covert
Jan 06 2017 01: +0,56.574,24,Factory-New,Covert
Jan 07 2017 01: +0,58.36,26,Factory-New,Covert
Jan 08 2017 01: +0,61.015,30,Factory-New,Covert
Jan 09 2017 01: +0,63.237,20,Factory-New,Covert
Jan 10 2017 01: +0,61.304,21,Factory-New,Covert
Jan 11 2017 01: +0,61.786,32,Factory-New,Covert
Jan 12 2017 01: +0,58.974,21,Factory-New,Covert
Jan 13 2017 01: +0,59.129,31,Factory-New,Covert
Jan 14 2017 01: +0,58.157,21,Factory-New,Covert
Jan 15 2017 01: +0,59.778,28,Factory-New,Covert
Jan 16 2017 01: +0,59.117,40,Factory-New,Covert
Jan 17 2017 01: +0,61.148,19,Factory-New,Covert
Jan 18 2017 01: +0,62.198,20,Factory-New,Covert
Jan 19 2017 01: +0,60.531,11,Factory-New,Covert
Jan 20 2017 01: +0,61.227,22,Factory-New,Covert
Jan 21 2017 01: +0,60.109,29,Factory-New,Covert
Jan 22 2017 01: +0,58.972,24,Factory-New,Covert
Jan 23 2017 01: +0,57.743,22,Factory-New,Covert
Jan 24 2017 01: +0,60.231,26,Factory-New,Covert
Jan 25 2017 01: +0,62.797,28,Factory-New,Covert
Jan 26 2017 01: +0,61.376,34,Factory-New,Covert
Jan 27 2017 01: +0,64.839,22,Factory-New,Covert
Jan 28 2017 01: +0,64.861,26,Factory-New,Covert
Jan 29 2017 01: +0,61.046,19,Factory-New,Covert
Jan 30 2017 01: +0,63.506,32,Factory-New,Covert
Jan 31 2017 01: +0,65.168,17,Factory-New,Covert
Feb 01 2017 01: +0,63.3,22,Factory-New,Covert
Feb 02 2017 01: +0,61.618,27,Factory-New,Covert
Feb 03 2017 01: +0,62.228,24,Factory-New,Covert
Feb 04 2017 01: +0,60.945,27,Factory-New,Covert
Feb 05 2017 01: +0,66.381,27,Factory-New,Covert
Feb 06 2017 01: +0,64.036,20,Factory-New,Covert
Feb 07 2017 01: +0,69.226,16,Factory-New,Covert
Feb 08 2017 01: +0,67.919,23,Factory-New,Covert
Feb 09 2017 01: +0,66.38,26,Factory-New,Covert
Feb 10 2017 01: +0,68.11,23,Factory-New,Covert
Feb 11 2017 01: +0,66.237,28,Factory-New,Covert
Feb 12 2017 01: +0,64.73,28,Factory-New,Covert
Feb 13 2017 01: +0,62.161,33,Factory-New,Covert
Feb 14 2017 01: +0,64.88,20,Factory-New,Covert
Feb 15 2017 01: +0,64.996,17,Factory-New,Covert
Feb 16 2017 01: +0,63.385,24,Factory-New,Covert
Feb 17 2017 01: +0,66.068,32,Factory-New,Covert
Feb 18 2017 01: +0,66.148,21,Factory-New,Covert
Feb 19 2017 01: +0,68.239,25,Factory-New,Covert
Feb 20 2017 01: +0,67.152,22,Factory-New,Covert
Feb 21 2017 01: +0,68.271,17,Factory-New,Covert
Feb 22 2017 01: +0,67.661,14,Factory-New,Covert
Feb 23 2017 01: +0,69.229,28,Factory-New,Covert
Feb 24 2017 01: +0,77.684,26,Factory-New,Covert
Feb 25 2017 01: +0,69.568,19,Factory-New,Covert
Feb 26 2017 01: +0,70.637,22,Factory-New,Covert
Feb 27 2017 01: +0,67.414,25,Factory-New,Covert
Feb 28 2017 01: +0,68.091,18,Factory-New,Covert
Mar 01 2017 01: +0,69.114,23,Factory-New,Covert
Mar 02 2017 01: +0,70.087,26,Factory-New,Covert
Mar 03 2017 01: +0,69.757,18,Factory-New,Covert
Mar 04 2017 01: +0,69.721,23,Factory-New,Covert
Mar 05 2017 01: +0,68.328,16,Factory-New,Covert
Mar 06 2017 01: +0,71.57,24,Factory-New,Covert
Mar 07 2017 01: +0,71.558,18,Factory-New,Covert
Mar 08 2017 01: +0,72.456,15,Factory-New,Covert
Mar 09 2017 01: +0,73.335,17,Factory-New,Covert
Mar 10 2017 01: +0,76.926,25,Factory-New,Covert
Mar 11 2017 01: +0,67.141,16,Factory-New,Covert
Mar 12 2017 01: +0,71.984,15,Factory-New,Covert
Mar 13 2017 01: +0,69.739,18,Factory-New,Covert
Mar 14 2017 01: +0,70.001,16,Factory-New,Covert
Mar 15 2017 01: +0,73.492,26,Factory-New,Covert
Mar 16 2017 01: +0,68.59,22,Factory-New,Covert
Mar 17 2017 01: +0,69.872,15,Factory-New,Covert
Mar 18 2017 01: +0,71.485,19,Factory-New,Covert
Mar 19 2017 01: +0,65.332,24,Factory-New,Covert
Mar 20 2017 01: +0,64.988,21,Factory-New,Covert
Mar 21 2017 01: +0,65.796,21,Factory-New,Covert
Mar 22 2017 01: +0,67.081,22,Factory-New,Covert
Mar 23 2017 01: +0,65.127,24,Factory-New,Covert
Mar 24 2017 01: +0,62.942,22,Factory-New,Covert
Mar 25 2017 01: +0,62.074,20,Factory-New,Covert
Mar 26 2017 01: +0,62.388,25,Factory-New,Covert
Mar 27 2017 01: +0,60.78,24,Factory-New,Covert
Mar 28 2017 01: +0,60.313,23,Factory-New,Covert
Mar 29 2017 01: +0,64.959,17,Factory-New,Covert
Mar 30 2017 01: +0,61.574,13,Factory-New,Covert
Mar 31 2017 01: +0,67.489,26,Factory-New,Covert
Apr 01 2017 01: +0,64.468,18,Factory-New,Covert
Apr 02 2017 01: +0,61.191,21,Factory-New,Covert
Apr 03 2017 01: +0,62.225,29,Factory-New,Covert
Apr 04 2017 01: +0,64.616,18,Factory-New,Covert
Apr 05 2017 01: +0,63.324,16,Factory-New,Covert
Apr 06 2017 01: +0,74.904,18,Factory-New,Covert
Apr 07 2017 01: +0,67.31,17,Factory-New,Covert
Apr 08 2017 01: +0,64.115,20,Factory-New,Covert
Apr 09 2017 01: +0,63.275,19,Factory-New,Covert
Apr 10 2017 01: +0,62.554,16,Factory-New,Covert
Apr 11 2017 01: +0,64.049,21,Factory-New,Covert
Apr 12 2017 01: +0,64.675,17,Factory-New,Covert
Apr 13 2017 01: +0,64.41,23,Factory-New,Covert
Apr 14 2017 01: +0,66.516,22,Factory-New,Covert
Apr 15 2017 01: +0,64.45,28,Factory-New,Covert
Apr 16 2017 01: +0,67.448,19,Factory-New,Covert
Apr 17 2017 01: +0,66.148,22,Factory-New,Covert
Apr 18 2017 01: +0,67.897,11,Factory-New,Covert
Apr 19 2017 01: +0,68.979,16,Factory-New,Covert
Apr 20 2017 01: +0,66.458,21,Factory-New,Covert
Apr 21 2017 01: +0,70.354,12,Factory-New,Covert
Apr 22 2017 01: +0,65.578,26,Factory-New,Covert
Apr 23 2017 01: +0,66.333,21,Factory-New,Covert
Apr 24 2017 01: +0,66.499,21,Factory-New,Covert
Apr 25 2017 01: +0,65.356,16,Factory-New,Covert
Apr 26 2017 01: +0,67.217,14,Factory-New,Covert
Apr 27 2017 01: +0,68.553,18,Factory-New,Covert
Apr 28 2017 01: +0,68.132,19,Factory-New,Covert
Apr 29 2017 01: +0,66.546,19,Factory-New,Covert
Apr 30 2017 01: +0,66.074,11,Factory-New,Covert
May 01 2017 01: +0,71.932,21,Factory-New,Covert
May 02 2017 01: +0,68.609,20,Factory-New,Covert
May 03 2017 01: +0,68.753,17,Factory-New,Covert
May 04 2017 01: +0,81.528,24,Factory-New,Covert
May 05 2017 01: +0,71.255,16,Factory-New,Covert
May 06 2017 01: +0,67.695,23,Factory-New,Covert
May 07 2017 01: +0,70.966,23,Factory-New,Covert
May 08 2017 01: +0,73.13,16,Factory-New,Covert
May 09 2017 01: +0,76.954,16,Factory-New,Covert
May 10 2017 01: +0,71.107,15,Factory-New,Covert
May 11 2017 01: +0,72.983,11,Factory-New,Covert
May 12 2017 01: +0,70.96,14,Factory-New,Covert
May 13 2017 01: +0,71.638,16,Factory-New,Covert
May 14 2017 01: +0,80.583,7,Factory-New,Covert
May 15 2017 01: +0,69.702,18,Factory-New,Covert
May 16 2017 01: +0,69.126,17,Factory-New,Covert
May 17 2017 01: +0,70.634,9,Factory-New,Covert
May 18 2017 01: +0,69.451,16,Factory-New,Covert
May 19 2017 01: +0,69.829,18,Factory-New,Covert
May 20 2017 01: +0,67.484,17,Factory-New,Covert
May 21 2017 01: +0,72.742,21,Factory-New,Covert
May 22 2017 01: +0,72.175,12,Factory-New,Covert
