Steam_scrapper/Database_of_items_price/AK-47 _ Vulcan Factory-New.csv
Date,Price,Quantity Sold,exterior,rarity
Jun 19 2019 01: +0,132.372,3,Factory-New,Covert
Jun 20 2019 01: +0,124.263,5,Factory-New,Covert
Jun 21 2019 01: +0,126.691,6,Factory-New,Covert
Jun 22 2019 01: +0,124.261,5,Factory-New,Covert
Jun 23 2019 01: +0,126.049,6,Factory-New,Covert
Jun 24 2019 01: +0,126.948,4,Factory-New,Covert
Jun 25 2019 01: +0,134.472,6,Factory-New,Covert
Jun 26 2019 01: +0,126.335,2,Factory-New,Covert
Jun 27 2019 01: +0,129.419,3,Factory-New,Covert
Jun 28 2019 01: +0,124.819,4,Factory-New,Covert
Jun 29 2019 01: +0,125.738,4,Factory-New,Covert
Jun 30 2019 01: +0,162.48,3,Factory-New,Covert
Jul 01 2019 01: +0,121.875,5,Factory-New,Covert
Jul 02 2019 01: +0,120.175,5,Factory-New,Covert
Jul 03 2019 01: +0,126.345,6,Factory-New,Covert
Jul 04 2019 01: +0,125.45,5,Factory-New,Covert
Jul 05 2019 01: +0,127.395,4,Factory-New,Covert
Jul 06 2019 01: +0,123.731,8,Factory-New,Covert
Jul 07 2019 01: +0,123.919,5,Factory-New,Covert
Jul 08 2019 01: +0,125.358,4,Factory-New,Covert
Jul 09 2019 01: +0,130.527,4,Factory-New,Covert
Jul 10 2019 01: +0,124.565,3,Factory-New,Covert
Jul 11 2019 01: +0,128.278,5,Factory-New,Covert
Jul 12 2019 01: +0,145.907,2,Factory-New,Covert
Jul 13 2019 01: +0,140.102,4,Factory-New,Covert
Jul 14 2019 01: +0,126.651,4,Factory-New,Covert
Jul 15 2019 01: +0,137.374,2,Factory-New,Covert
Jul 16 2019 01: +0,166.127,3,Factory-New,Covert
Jul 17 2019 01: +0,131.796,2,Factory-New,Covert
Jul 18 2019 01: +0,134.713,2,Factory-New,Covert
Jul 19 2019 01: +0,139.412,5,Factory-New,Covert
Jul 20 2019 01: +0,141.006,6,Factory-New,Covert
Jul 21 2019 01: +0,137.74,4,Factory-New,Covert
Jul 22 2019 01: +0,144.694,2,Factory-New,Covert
Jul 23 2019 01: +0,131.083,4,Factory-New,Covert
Jul 24 2019 01: +0,136.111,4,Factory-New,Covert
Jul 25 2019 01: +0,131.329,2,Factory-New,Covert
Jul 26 2019 01: +0,129.853,2,Factory-New,Covert
Jul 27 2019 01: +0,142.09,5,Factory-New,Covert
Jul 28 2019 01: +0,139.689,1,Factory-New,Covert
Jul 29 2019 01: +0,138.806,2,Factory-New,Covert
Jul 30 2019 01: +0,138.823,3,Factory-New,Covert
Jul 31 2019 01: +0,133.299,5,Factory-New,Covert
Aug 01 2019 01: +0,126.843,1,Factory-New,Covert
Aug 02 2019 01: +0,136.734,7,Factory-New,Covert
Aug 03 2019 01: +0,140.188,4,Factory-New,Covert
Aug 04 2019 01: +0,146.323,9,Factory-New,Covert
Aug 05 2019 01: +0,159.831,2,Factory-New,Covert
Aug 06 2019 01: +0,187.638,2,Factory-New,Covert
Aug 07 2019 01: +0,155.009,1,Factory-New,Covert
Aug 08 2019 01: +0,143.798,6,Factory-New,Covert
Aug 09 2019 01: +0,137.691,5,Factory-New,Covert
Aug 10 2019 01: +0,143.101,5,Factory-New,Covert
Aug 11 2019 01: +0,134.732,6,Factory-New,Covert
Aug 12 2019 01: +0,149.09,8,Factory-New,Covert
Aug 13 2019 01: +0,152.855,2,Factory-New,Covert
Aug 14 2019 01: +0,138.079,4,Factory-New,Covert
Aug 15 2019 01: +0,143.732,4,Factory-New,Covert
Aug 16 2019 01: +0,148.607,2,Factory-New,Covert
Aug 17 2019 01: +0,142.833,4,Factory-New,Covert
Aug 18 2019 01: +0,161.973,8,Factory-New,Covert
Aug 19 2019 01: +0,141.027,6,Factory-New,Covert
Aug 20 2019 01: +0,143.703,4,Factory-New,Covert
Aug 21 2019 01: +0,174.611,6,Factory-New,Covert
Aug 23 2019 01: +0,138.478,2,Factory-New,Covert
Aug 24 2019 01: +0,144.238,3,Factory-New,Covert
Aug 25 2019 01: +0,148.685,9,Factory-New,Covert
Aug 26 2019 01: +0,144.756,3,Factory-New,Covert
Aug 27 2019 01: +0,148.694,7,Factory-New,Covert
Aug 28 2019 01: +0,157.302,11,Factory-New,Covert
Aug 29 2019 01: +0,160.263,4,Factory-New,Covert
Aug 30 2019 01: +0,171.48,7,Factory-New,Covert
Aug 31 2019 01: +0,175.574,4,Factory-New,Covert
Sep 01 2019 01: +0,178.244,1,Factory-New,Covert
Sep 02 2019 01: +0,169.313,2,Factory-New,Covert
Sep 03 2019 01: +0,173.869,3,Factory-New,Covert
Sep 04 2019 01: +0,180.597,3,Factory-New,Covert
Sep 05 2019 01: +0,164.138,3,Factory-New,Covert
Sep 06 2019 01: +0,164.268,6,Factory-New,Covert
Sep 07 2019 01: +0,169.829,3,Factory-New,Covert
Sep 08 2019 01: +0,159.689,3,Factory-New,Covert
Sep 09 2019 01: +0,147.472,5,Factory-New,Covert
Sep 10 2019 01: +0,146.873,1,Factory-New,Covert
Sep 11 2019 01: +0,149.761,3,Factory-New,Covert
Sep 12 2019 01: +0,141.335,1,Factory-New,Covert
Sep 13 2019 01: +0,150.779,3,Factory-New,Covert
Sep 14 2019 01: +0,154.888,4,Factory-New,Covert
Sep 15 2019 01: +0,144.976,3,Factory-New,Covert
Sep 16 2019 01: +0,152.006,2,Factory-New,Covert
Sep 17 2019 01: +0,152.259,6,Factory-New,Covert
Sep 18 2019 01: +0,143.404,3,Factory-New,Covert
Sep 20 2019 01: +0,146.278,1,Factory-New,Covert
Sep 21 2019 01: +0,151.811,2,Factory-New,Covert
Sep 22 2019 01: +0,149.617,12,Factory-New,Covert
Sep 23 2019 01: +0,150.158,1,Factory-New,Covert
Sep 24 2019 01: +0,156.818,3,Factory-New,Covert
Sep 25 2019 01: +0,157.243,4,Factory-New,Covert
Sep 26 2019 01: +0,155.636,3,Factory-New,Covert
Sep 27 2019 01: +0,156.525,3,Factory-New,Covert
Sep 28 2019 01: +0,151.943,1,Factory-New,Covert
Sep 29 2019 01: +0,167.259,5,Factory-New,Covert
Sep 30 2019 01: +0,152.335,1,Factory-New,Covert
Oct 01 2019 01: +0,164.264,3,Factory-New,Covert
Oct 02 2019 01: +0,151.507,1,Factory-New,Covert
Oct 03 2019 01: +0,157.377,4,Factory-New,Covert
Oct 04 2019 01: +0,159.97,4,Factory-New,Covert
Oct 05 2019 01: +0,144.442,5,Factory-New,Covert
Oct 06 2019 01: +0,143.141,5,Factory-New,Covert
Oct 07 2019 01: +0,145.003,1,Factory-New,Covert
Oct 08 2019 01: +0,154.743,3,Factory-New,Covert
Oct 09 2019 01: +0,155.762,4,Factory-New,Covert
Oct 10 2019 01: +0,167.582,4,Factory-New,Covert
Oct 11 2019 01: +0,165.318,3,Factory-New,Covert
Oct 12 2019 01: +0,160.889,6,Factory-New,Covert
Oct 13 2019 01: +0,159.737,2,Factory-New,Covert
Oct 14 2019 01: +0,174.276,6,Factory-New,Covert
Oct 15 2019 01: +0,152.24,3,Factory-New,Covert
Oct 16 2019 01: +0,132.618,2,Factory-New,Covert
Oct 17 2019 01: +0,179.818,1,Factory-New,Covert
Oct 18 2019 01: +0,167.8,1,Factory-New,Covert
Oct 19 2019 01: +0,148.216,9,Factory-New,Covert
Oct 20 2019 01: +0,150.535,4,Factory-New,Covert
Oct 21 2019 01: +0,143.809,7,Factory-New,Covert
Oct 22 2019 01: +0,150.305,6,Factory-New,Covert
Oct 23 2019 01: +0,149.301,3,Factory-New,Covert
Oct 24 2019 01: +0,143.847,5,Factory-New,Covert
Oct 25 2019 01: +0,147.792,2,Factory-New,Covert
Oct 26 2019 01: +0,147.014,3,Factory-New,Covert
Oct 27 2019 01: +0,157.627,2,Factory-New,Covert
Oct 28 2019 01: +0,143.892,6,Factory-New,Covert
Oct 29 2019 01: +0,154.498,5,Factory-New,Covert
Oct 30 2019 01: +0,149.774,5,Factory-New,Covert
Oct 31 2019 01: +0,149.399,2,Factory-New,Covert
Nov 01 2019 01: +0,146.853,6,Factory-New,Covert
Nov 02 2019 01: +0,153.808,7,Factory-New,Covert
Nov 03 2019 01: +0,165.775,2,Factory-New,Covert
Nov 04 2019 01: +0,162.862,4,Factory-New,Covert
Nov 05 2019 01: +0,162.733,4,Factory-New,Covert
Nov 06 2019 01: +0,155.188,1,Factory-New,Covert
Nov 07 2019 01: +0,161.589,6,Factory-New,Covert
Nov 08 2019 01: +0,161.124,4,Factory-New,Covert
Nov 09 2019 01: +0,163.605,7,Factory-New,Covert
Nov 10 2019 01: +0,172.382,5,Factory-New,Covert
Nov 11 2019 01: +0,150.86,2,Factory-New,Covert
Nov 12 2019 01: +0,203.531,3,Factory-New,Covert
Nov 13 2019 01: +0,158.322,6,Factory-New,Covert
Nov 14 2019 01: +0,148.064,5,Factory-New,Covert
Nov 15 2019 01: +0,159.731,4,Factory-New,Covert
Nov 16 2019 01: +0,168.498,3,Factory-New,Covert
Nov 17 2019 01: +0,162.83,6,Factory-New,Covert
Nov 18 2019 01: +0,158.48,5,Factory-New,Covert
Nov 19 2019 01: +0,138.014,11,Factory-New,Covert
Nov 20 2019 01: +0,133.253,8,Factory-New,Covert
Nov 21 2019 01: +0,136.673,9,Factory-New,Covert
Nov 22 2019 01: +0,130.056,1,Factory-New,Covert
Nov 23 2019 01: +0,134.801,5,Factory-New,Covert
Nov 24 2019 01: +0,129.524,5,Factory-New,Covert
Nov 25 2019 01: +0,131.924,3,Factory-New,Covert
Nov 26 2019 01: +0,130.07,1,Factory-New,Covert
Nov 27 2019 01: +0,149.487,5,Factory-New,Covert
Nov 28 2019 01: +0,149.472,9,Factory-New,Covert
Nov 29 2019 01: +0,141.112,7,Factory-New,Covert
Nov 30 2019 01: +0,129.425,2,Factory-New,Covert
Dec 01 2019 01: +0,131.136,5,Factory-New,Covert
Dec 02 2019 01: +0,136.293,4,Factory-New,Covert
Dec 03 2019 01: +0,137.979,3,Factory-New,Covert
Dec 04 2019 01: +0,141.392,6,Factory-New,Covert
Dec 05 2019 01: +0,138.185,7,Factory-New,Covert
Dec 06 2019 01: +0,139.984,3,Factory-New,Covert
Dec 07 2019 01: +0,142.619,9,Factory-New,Covert
Dec 08 2019 01: +0,140.59,8,Factory-New,Covert
Dec 09 2019 01: +0,155.151,6,Factory-New,Covert
Dec 10 2019 01: +0,140.794,2,Factory-New,Covert
Dec 11 2019 01: +0,146.525,6,Factory-New,Covert
Dec 12 2019 01: +0,155.683,2,Factory-New,Covert
Dec 13 2019 01: +0,167.808,5,Factory-New,Covert
Dec 14 2019 01: +0,147.187,7,Factory-New,Covert
Dec 15 2019 01: +0,146.574,5,Factory-New,Covert
Dec 16 2019 01: +0,178.457,4,Factory-New,Covert
Dec 17 2019 01: +0,166.298,2,Factory-New,Covert
Dec 18 2019 01: +0,168.868,4,Factory-New,Covert
Dec 19 2019 01: +0,162.419,4,Factory-New,Covert
Dec 20 2019 01: +0,144.392,6,Factory-New,Covert
Dec 21 2019 01: +0,152.842,3,Factory-New,Covert
Dec 22 2019 01: +0,153.857,3,Factory-New,Covert
Dec 23 2019 01: +0,162.161,4,Factory-New,Covert
Dec 24 2019 01: +0,160.041,3,Factory-New,Covert
Dec 25 2019 01: +0,152.332,4,Factory-New,Covert
Dec 26 2019 01: +0,151.765,5,Factory-New,Covert
Dec 27 2019 01: +0,155.453,2,Factory-New,Covert
Dec 28 2019 01: +0,152.833,5,Factory-New,Covert
Dec 29 2019 01: +0,155.312,3,Factory-New,Covert
Dec 30 2019 01: +0,151.145,6,Factory-New,Covert
Dec 31 2019 01: +0,152.957,1,Factory-New,Covert
Jan 01 2020 01: +0,168.298,4,Factory-New,Covert
Jan 02 2020 01: +0,163.214,3,Factory-New,Covert
Jan 03 2020 01: +0,173.57,1,Factory-New,Covert
Jan 04 2020 01: +0,166.343,4,Factory-New,Covert
Jan 05 2020 01: +0,163.016,4,Factory-New,Covert
Jan 06 2020 01: +0,165.61,8,Factory-New,Covert
Jan 07 2020 01: +0,175.512,2,Factory-New,Covert
Jan 08 2020 01: +0,168.22,3,Factory-New,Covert
Jan 09 2020 01: +0,182.134,4,Factory-New,Covert
Jan 10 2020 01: +0,183.902,2,Factory-New,Covert
Jan 11 2020 01: +0,164.592,5,Factory-New,Covert
Jan 12 2020 01: +0,575.654,2,Factory-New,Covert
Jan 13 2020 01: +0,166.92,3,Factory-New,Covert
Jan 14 2020 01: +0,190.135,3,Factory-New,Covert
Jan 15 2020 01: +0,156.446,3,Factory-New,Covert
Jan 16 2020 01: +0,163.377,2,Factory-New,Covert
Jan 17 2020 01: +0,164.194,2,Factory-New,Covert
Jan 18 2020 01: +0,162.377,5,Factory-New,Covert
Jan 19 2020 01: +0,161.886,3,Factory-New,Covert
Jan 20 2020 01: +0,172.724,4,Factory-New,Covert
Jan 21 2020 01: +0,164.772,5,Factory-New,Covert
Jan 22 2020 01: +0,166.027,8,Factory-New,Covert
Jan 23 2020 01: +0,165.196,8,Factory-New,Covert
Jan 24 2020 01: +0,166.74,4,Factory-New,Covert
Jan 25 2020 01: +0,161.07,3,Factory-New,Covert
Jan 26 2020 01: +0,156.317,2,Factory-New,Covert
Jan 27 2020 01: +0,161.546,4,Factory-New,Covert
Jan 28 2020 01: +0,156.33,3,Factory-New,Covert
Jan 29 2020 01: +0,158.536,5,Factory-New,Covert
Jan 30 2020 01: +0,148.196,5,Factory-New,Covert
Jan 31 2020 01: +0,153.27,3,Factory-New,Covert
Feb 01 2020 01: +0,192.201,5,Factory-New,Covert
Feb 02 2020 01: +0,173.733,4,Factory-New,Covert
Feb 03 2020 01: +0,157.896,2,Factory-New,Covert
Feb 04 2020 01: +0,162.756,4,Factory-New,Covert
Feb 05 2020 01: +0,175.756,3,Factory-New,Covert
Feb 06 2020 01: +0,178.165,4,Factory-New,Covert
Feb 07 2020 01: +0,180.278,2,Factory-New,Covert
Feb 08 2020 01: +0,150.34,6,Factory-New,Covert
Feb 09 2020 01: +0,154.508,5,Factory-New,Covert
Feb 10 2020 01: +0,168.404,7,Factory-New,Covert
Feb 11 2020 01: +0,175.064,5,Factory-New,Covert
Feb 12 2020 01: +0,184.214,8,Factory-New,Covert
Feb 13 2020 01: +0,231.5,4,Factory-New,Covert
Feb 14 2020 01: +0,186.824,4,Factory-New,Covert
Feb 15 2020 01: +0,173.947,2,Factory-New,Covert
Feb 16 2020 01: +0,156.163,1,Factory-New,Covert
Feb 17 2020 01: +0,160.558,4,Factory-New,Covert
Feb 18 2020 01: +0,166.192,3,Factory-New,Covert
Feb 19 2020 01: +0,154.059,2,Factory-New,Covert
Feb 20 2020 01: +0,173.092,5,Factory-New,Covert
Feb 21 2020 01: +0,155.092,1,Factory-New,Covert
Feb 22 2020 01: +0,157.537,6,Factory-New,Covert
Feb 23 2020 01: +0,167.084,3,Factory-New,Covert
Feb 24 2020 01: +0,162.005,4,Factory-New,Covert
Feb 25 2020 01: +0,168.194,3,Factory-New,Covert
Feb 26 2020 01: +0,154.184,4,Factory-New,Covert
Feb 27 2020 01: +0,173.464,4,Factory-New,Covert
Feb 28 2020 01: +0,174.909,3,Factory-New,Covert
Feb 29 2020 01: +0,165.264,3,Factory-New,Covert
Mar 01 2020 01: +0,171.609,8,Factory-New,Covert
Mar 02 2020 01: +0,173.393,4,Factory-New,Covert
Mar 03 2020 01: +0,168.475,4,Factory-New,Covert
Mar 04 2020 01: +0,181.637,6,Factory-New,Covert
Mar 05 2020 01: +0,181.183,5,Factory-New,Covert
Mar 06 2020 01: +0,186.259,10,Factory-New,Covert
Mar 07 2020 01: +0,185.934,4,Factory-New,Covert
Mar 08 2020 01: +0,182.651,6,Factory-New,Covert
Mar 09 2020 01: +0,178.772,3,Factory-New,Covert
Mar 10 2020 01: +0,177.384,4,Factory-New,Covert
Mar 11 2020 01: +0,176.383,3,Factory-New,Covert
Mar 12 2020 01: +0,235.851,2,Factory-New,Covert
Mar 13 2020 01: +0,196.939,4,Factory-New,Covert
Mar 14 2020 01: +0,171.039,3,Factory-New,Covert
Mar 15 2020 01: +0,168.992,5,Factory-New,Covert
Mar 16 2020 01: +0,167.722,5,Factory-New,Covert
Mar 17 2020 01: +0,259.752,3,Factory-New,Covert
Mar 18 2020 01: +0,156.978,2,Factory-New,Covert
Mar 19 2020 01: +0,152.84,7,Factory-New,Covert
Mar 20 2020 01: +0,157.236,3,Factory-New,Covert
Mar 21 2020 01: +0,157.876,4,Factory-New,Covert
Mar 22 2020 01: +0,170.201,7,Factory-New,Covert
Mar 23 2020 01: +0,165.196,4,Factory-New,Covert
Mar 24 2020 01: +0,145.595,5,Factory-New,Covert
Mar 25 2020 01: +0,157.611,5,Factory-New,Covert
Mar 26 2020 01: +0,160.931,5,Factory-New,Covert
Mar 27 2020 01: +0,160.969,2,Factory-New,Covert
Mar 28 2020 01: +0,159.482,5,Factory-New,Covert
Mar 29 2020 01: +0,159.434,6,Factory-New,Covert
Mar 30 2020 01: +0,186.879,2,Factory-New,Covert
Mar 31 2020 01: +0,146.209,9,Factory-New,Covert
Apr 01 2020 01: +0,171.062,4,Factory-New,Covert
Apr 02 2020 01: +0,155.013,3,Factory-New,Covert
Apr 03 2020 01: +0,159.204,7,Factory-New,Covert
Apr 04 2020 01: +0,169.696,4,Factory-New,Covert
Apr 05 2020 01: +0,214.566,1,Factory-New,Covert
Apr 06 2020 01: +0,170.329,3,Factory-New,Covert
Apr 07 2020 01: +0,178.973,5,Factory-New,Covert
Apr 08 2020 01: +0,158.46,6,Factory-New,Covert
Apr 09 2020 01: +0,164.189,4,Factory-New,Covert
Apr 10 2020 01: +0,181.689,11,Factory-New,Covert
Apr 11 2020 01: +0,183.683,3,Factory-New,Covert
Apr 12 2020 01: +0,184.561,4,Factory-New,Covert
Apr 13 2020 01: +0,172.192,6,Factory-New,Covert
Apr 14 2020 01: +0,165.027,2,Factory-New,Covert
Apr 15 2020 01: +0,169.919,5,Factory-New,Covert
Apr 16 2020 01: +0,198.616,3,Factory-New,Covert
Apr 17 2020 01: +0,170.497,4,Factory-New,Covert
Apr 18 2020 01: +0,185.863,2,Factory-New,Covert
Apr 19 2020 01: +0,180.765,6,Factory-New,Covert
Apr 20 2020 01: +0,190.618,3,Factory-New,Covert
Apr 21 2020 01: +0,182.041,4,Factory-New,Covert
Apr 22 2020 01: +0,183.395,2,Factory-New,Covert
Apr 23 2020 01: +0,186.655,3,Factory-New,Covert
Apr 24 2020 01: +0,171.467,3,Factory-New,Covert
Apr 25 2020 01: +0,187.223,3,Factory-New,Covert
Apr 26 2020 01: +0,191.215,4,Factory-New,Covert
Apr 27 2020 01: +0,193.188,6,Factory-New,Covert
Apr 28 2020 01: +0,191.565,7,Factory-New,Covert
Apr 29 2020 01: +0,177.178,4,Factory-New,Covert
Apr 30 2020 01: +0,240.642,7,Factory-New,Covert
May 01 2020 01: +0,187.426,3,Factory-New,Covert
May 02 2020 01: +0,198.454,4,Factory-New,Covert
May 03 2020 01: +0,191.132,5,Factory-New,Covert
May 04 2020 01: +0,185.87,7,Factory-New,Covert
May 05 2020 01: +0,187.074,4,Factory-New,Covert
May 06 2020 01: +0,189.544,8,Factory-New,Covert
May 07 2020 01: +0,181.455,4,Factory-New,Covert
May 08 2020 01: +0,192.34,7,Factory-New,Covert
May 09 2020 01: +0,190.992,1,Factory-New,Covert
May 10 2020 01: +0,187.456,2,Factory-New,Covert
May 11 2020 01: +0,206.75,2,Factory-New,Covert
May 12 2020 01: +0,190.437,4,Factory-New,Covert
May 13 2020 01: +0,193.905,4,Factory-New,Covert
May 14 2020 01: +0,178.539,2,Factory-New,Covert
May 15 2020 01: +0,188.491,5,Factory-New,Covert
May 16 2020 01: +0,189.886,5,Factory-New,Covert
May 17 2020 01: +0,186.815,4,Factory-New,Covert
May 18 2020 01: +0,189.28,3,Factory-New,Covert
May 19 2020 01: +0,188.0,5,Factory-New,Covert
May 20 2020 01: +0,205.01,1,Factory-New,Covert
May 21 2020 01: +0,204.427,4,Factory-New,Covert
May 22 2020 01: +0,219.087,6,Factory-New,Covert
May 23 2020 01: +0,182.628,2,Factory-New,Covert
May 24 2020 01: +0,218.793,2,Factory-New,Covert
May 25 2020 01: +0,216.296,2,Factory-New,Covert
May 26 2020 01: +0,175.961,6,Factory-New,Covert
May 27 2020 01: +0,193.715,7,Factory-New,Covert
May 28 2020 01: +0,163.214,4,Factory-New,Covert
May 29 2020 01: +0,195.338,4,Factory-New,Covert
May 30 2020 01: +0,208.807,3,Factory-New,Covert
May 31 2020 01: +0,213.119,4,Factory-New,Covert
Jun 01 2020 01: +0,197.715,3,Factory-New,Covert
Jun 02 2020 01: +0,203.563,2,Factory-New,Covert
Jun 03 2020 01: +0,226.939,3,Factory-New,Covert
Jun 04 2020 01: +0,258.997,6,Factory-New,Covert
Jun 05 2020 01: +0,208.135,6,Factory-New,Covert
Jun 06 2020 01: +0,204.437,5,Factory-New,Covert
Jun 07 2020 01: +0,198.929,3,Factory-New,Covert
Jun 08 2020 01: +0,211.602,4,Factory-New,Covert
Jun 09 2020 01: +0,222.275,6,Factory-New,Covert
Jun 10 2020 01: +0,234.429,2,Factory-New,Covert
Jun 11 2020 01: +0,206.548,6,Factory-New,Covert
Jun 12 2020 01: +0,213.553,8,Factory-New,Covert
Jun 13 2020 01: +0,186.706,2,Factory-New,Covert
Jun 14 2020 01: +0,202.474,2,Factory-New,Covert
Jun 15 2020 01: +0,209.441,6,Factory-New,Covert
Jun 16 2020 01: +0,198.915,6,Factory-New,Covert
Jun 17 2020 01: +0,214.694,3,Factory-New,Covert
Jun 18 2020 01: +0,222.81,4,Factory-New,Covert
Jun 19 2020 01: +0,214.533,3,Factory-New,Covert
Jun 20 2020 01: +0,226.733,3,Factory-New,Covert
Jun 21 2020 01: +0,231.386,7,Factory-New,Covert
Jun 22 2020 01: +0,211.67,5,Factory-New,Covert
Jun 23 2020 01: +0,379.79,2,Factory-New,Covert
Jun 24 2020 01: +0,213.18,2,Factory-New,Covert
Jun 25 2020 01: +0,225.552,6,Factory-New,Covert
Jun 26 2020 01: +0,218.517,2,Factory-New,Covert
Jun 27 2020 01: +0,208.884,4,Factory-New,Covert
