Steam_scrapper/Database_of_items_price/AK-47 _ Vulcan Factory-New.csv
Date,Price,Quantity Sold,exterior,rarity
Jun 28 2020 01: +0,218.942,7,Factory-New,Covert
Jun 29 2020 01: +0,264.593,3,Factory-New,Covert
Jun 30 2020 01: +0,230.969,5,Factory-New,Covert
Jul 01 2020 01: +0,220.703,4,Factory-New,Covert
Jul 02 2020 01: +0,243.219,4,Factory-New,Covert
Jul 03 2020 01: +0,220.882,4,Factory-New,Covert
Jul 04 2020 01: +0,240.863,3,Factory-New,Covert
Jul 05 2020 01: +0,229.935,1,Factory-New,Covert
Jul 06 2020 01: +0,235.979,9,Factory-New,Covert
Jul 07 2020 01: +0,217.098,4,Factory-New,Covert
Jul 08 2020 01: +0,219.841,3,Factory-New,Covert
Jul 09 2020 01: +0,227.074,3,Factory-New,Covert
Jul 10 2020 01: +0,233.054,2,Factory-New,Covert
Jul 11 2020 01: +0,230.887,3,Factory-New,Covert
Jul 12 2020 01: +0,229.826,4,Factory-New,Covert
Jul 13 2020 01: +0,229.795,2,Factory-New,Covert
Jul 15 2020 01: +0,368.301,2,Factory-New,Covert
Jul 16 2020 01: +0,236.3,3,Factory-New,Covert
Jul 17 2020 01: +0,229.864,4,Factory-New,Covert
Jul 18 2020 01: +0,233.192,4,Factory-New,Covert
Jul 19 2020 01: +0,239.253,2,Factory-New,Covert
Jul 20 2020 01: +0,314.107,3,Factory-New,Covert
Jul 21 2020 01: +0,234.282,1,Factory-New,Covert
Jul 22 2020 01: +0,234.344,4,Factory-New,Covert
Jul 23 2020 01: +0,248.99,8,Factory-New,Covert
Jul 24 2020 01: +0,282.463,1,Factory-New,Covert
Jul 25 2020 01: +0,236.98,1,Factory-New,Covert
Jul 26 2020 01: +0,245.832,5,Factory-New,Covert
Jul 27 2020 01: +0,257.895,2,Factory-New,Covert
Jul 28 2020 01: +0,306.941,3,Factory-New,Covert
Jul 29 2020 01: +0,241.431,3,Factory-New,Covert
Jul 30 2020 01: +0,241.419,3,Factory-New,Covert
Jul 31 2020 01: +0,230.255,4,Factory-New,Covert
Aug 01 2020 01: +0,246.636,1,Factory-New,Covert
Aug 02 2020 01: +0,255.186,3,Factory-New,Covert
Aug 03 2020 01: +0,240.776,2,Factory-New,Covert
Aug 04 2020 01: +0,251.549,2,Factory-New,Covert
Aug 05 2020 01: +0,237.161,1,Factory-New,Covert
Aug 06 2020 01: +0,244.582,4,Factory-New,Covert
Aug 07 2020 01: +0,241.395,6,Factory-New,Covert
Aug 08 2020 01: +0,242.487,4,Factory-New,Covert
Aug 09 2020 01: +0,226.047,2,Factory-New,Covert
Aug 10 2020 01: +0,247.84,1,Factory-New,Covert
Aug 11 2020 01: +0,239.177,3,Factory-New,Covert
Aug 12 2020 01: +0,227.389,1,Factory-New,Covert
Aug 13 2020 01: +0,242.505,6,Factory-New,Covert
Aug 14 2020 01: +0,266.025,7,Factory-New,Covert
Aug 15 2020 01: +0,247.267,2,Factory-New,Covert
Aug 16 2020 01: +0,276.232,3,Factory-New,Covert
Aug 17 2020 01: +0,266.824,3,Factory-New,Covert
Aug 19 2020 01: +0,230.955,5,Factory-New,Covert
Aug 20 2020 01: +0,249.954,3,Factory-New,Covert
Aug 21 2020 01: +0,244.237,4,Factory-New,Covert
Aug 22 2020 01: +0,233.946,3,Factory-New,Covert
Aug 23 2020 01: +0,241.234,1,Factory-New,Covert
Aug 24 2020 01: +0,257.89,3,Factory-New,Covert
Aug 25 2020 01: +0,238.978,2,Factory-New,Covert
Aug 26 2020 01: +0,261.324,1,Factory-New,Covert
Aug 27 2020 01: +0,240.34,9,Factory-New,Covert
Aug 28 2020 01: +0,217.221,1,Factory-New,Covert
Aug 29 2020 01: +0,238.623,6,Factory-New,Covert
Aug 30 2020 01: +0,225.817,6,Factory-New,Covert
Aug 31 2020 01: +0,203.726,2,Factory-New,Covert
Sep 01 2020 01: +0,227.849,3,Factory-New,Covert
Sep 02 2020 01: +0,219.678,3,Factory-New,Covert
Sep 03 2020 01: +0,222.023,5,Factory-New,Covert
Sep 04 2020 01: +0,239.988,1,Factory-New,Covert
Sep 05 2020 01: +0,223.901,4,Factory-New,Covert
Sep 06 2020 01: +0,239.356,8,Factory-New,Covert
Sep 07 2020 01: +0,232.321,4,Factory-New,Covert
Sep 08 2020 01: +0,231.324,5,Factory-New,Covert
Sep 09 2020 01: +0,237.786,6,Factory-New,Covert
Sep 10 2020 01: +0,207.3,1,Factory-New,Covert
Sep 11 2020 01: +0,221.217,3,Factory-New,Covert
Sep 12 2020 01: +0,241.89,3,Factory-New,Covert
Sep 13 2020 01: +0,263.32,1,Factory-New,Covert
Sep 14 2020 01: +0,243.852,5,Factory-New,Covert
Sep 15 2020 01: +0,228.71,1,Factory-New,Covert
Sep 16 2020 01: +0,278.172,6,Factory-New,Covert
Sep 17 2020 01: +0,247.405,3,Factory-New,Covert
Sep 18 2020 01: +0,241.22,3,Factory-New,Covert
Sep 19 2020 01: +0,233.44,6,Factory-New,Covert
Sep 20 2020 01: +0,250.477,2,Factory-New,Covert
Sep 21 2020 01: +0,236.7,2,Factory-New,Covert
Sep 22 2020 01: +0,265.606,1,Factory-New,Covert
Sep 23 2020 01: +0,279.847,4,Factory-New,Covert
Sep 24 2020 01: +0,262.372,2,Factory-New,Covert
Sep 26 2020 01: +0,227.436,1,Factory-New,Covert
Sep 27 2020 01: +0,225.634,1,Factory-New,Covert
Sep 28 2020 01: +0,282.182,2,Factory-New,Covert
Sep 29 2020 01: +0,247.165,2,Factory-New,Covert
Sep 30 2020 01: +0,245.832,3,Factory-New,Covert
Oct 01 2020 01: +0,250.056,3,Factory-New,Covert
Oct 02 2020 01: +0,249.75,1,Factory-New,Covert
Oct 03 2020 01: +0,260.134,3,Factory-New,Covert
Oct 04 2020 01: +0,241.91,2,Factory-New,Covert
Oct 05 2020 01: +0,237.483,3,Factory-New,Covert
Oct 06 2020 01: +0,244.362,2,Factory-New,Covert
Oct 07 2020 01: +0,246.229,2,Factory-New,Covert
Oct 08 2020 01: +0,244.978,5,Factory-New,Covert
Oct 09 2020 01: +0,236.73,1,Factory-New,Covert
Oct 10 2020 01: +0,237.257,3,Factory-New,Covert
Oct 11 2020 01: +0,246.136,4,Factory-New,Covert
Oct 12 2020 01: +0,236.293,2,Factory-New,Covert
Oct 13 2020 01: +0,252.584,4,Factory-New,Covert
Oct 14 2020 01: +0,285.184,4,Factory-New,Covert
Oct 15 2020 01: +0,300.622,3,Factory-New,Covert
Oct 16 2020 01: +0,252.039,4,Factory-New,Covert
Oct 18 2020 01: +0,260.723,5,Factory-New,Covert
Oct 19 2020 01: +0,267.156,3,Factory-New,Covert
Oct 20 2020 01: +0,241.764,3,Factory-New,Covert
Oct 21 2020 01: +0,262.181,5,Factory-New,Covert
Oct 22 2020 01: +0,285.143,3,Factory-New,Covert
Oct 23 2020 01: +0,238.138,2,Factory-New,Covert
Oct 24 2020 01: +0,260.412,5,Factory-New,Covert
Oct 26 2020 01: +0,235.66,1,Factory-New,Covert
Oct 27 2020 01: +0,266.73,3,Factory-New,Covert
Oct 28 2020 01: +0,248.676,5,Factory-New,Covert
Oct 29 2020 01: +0,235.14,1,Factory-New,Covert
Oct 30 2020 01: +0,247.292,2,Factory-New,Covert
Oct 31 2020 01: +0,248.859,4,Factory-New,Covert
Nov 01 2020 01: +0,245.738,4,Factory-New,Covert
Nov 02 2020 01: +0,275.652,5,Factory-New,Covert
Nov 03 2020 01: +0,230.12,5,Factory-New,Covert
Nov 04 2020 01: +0,255.449,5,Factory-New,Covert
Nov 05 2020 01: +0,218.108,1,Factory-New,Covert
Nov 06 2020 01: +0,235.814,1,Factory-New,Covert
Nov 07 2020 01: +0,242.633,3,Factory-New,Covert
Nov 08 2020 01: +0,235.749,4,Factory-New,Covert
Nov 09 2020 01: +0,247.076,3,Factory-New,Covert
Nov 10 2020 01: +0,252.419,6,Factory-New,Covert
Nov 11 2020 01: +0,280.547,4,Factory-New,Covert
Nov 12 2020 01: +0,259.215,2,Factory-New,Covert
Nov 13 2020 01: +0,216.809,1,Factory-New,Covert
Nov 14 2020 01: +0,259.329,4,Factory-New,Covert
Nov 15 2020 01: +0,236.99,1,Factory-New,Covert
Nov 16 2020 01: +0,238.572,4,Factory-New,Covert
Nov 17 2020 01: +0,240.562,4,Factory-New,Covert
Nov 18 2020 01: +0,246.23,1,Factory-New,Covert
Nov 19 2020 01: +0,251.565,2,Factory-New,Covert
Nov 20 2020 01: +0,255.621,4,Factory-New,Covert
Nov 22 2020 01: +0,268.25,3,Factory-New,Covert
Nov 23 2020 01: +0,245.02,2,Factory-New,Covert
Nov 24 2020 01: +0,233.255,1,Factory-New,Covert
Nov 25 2020 01: +0,239.75,2,Factory-New,Covert
Nov 26 2020 01: +0,242.55,4,Factory-New,Covert
Nov 27 2020 01: +0,239.182,4,Factory-New,Covert
Nov 28 2020 01: +0,236.99,1,Factory-New,Covert
Nov 29 2020 01: +0,242.91,3,Factory-New,Covert
Nov 30 2020 01: +0,239.037,3,Factory-New,Covert
Dec 01 2020 01: +0,246.8,3,Factory-New,Covert
Dec 02 2020 01: +0,240.212,1,Factory-New,Covert
Dec 03 2020 01: +0,231.902,6,Factory-New,Covert
Dec 04 2020 01: +0,225.364,15,Factory-New,Covert
Dec 05 2020 01: +0,246.709,4,Factory-New,Covert
Dec 06 2020 01: +0,228.792,5,Factory-New,Covert
Dec 07 2020 01: +0,230.363,2,Factory-New,Covert
Dec 08 2020 01: +0,260.008,1,Factory-New,Covert
Dec 09 2020 01: +0,230.608,4,Factory-New,Covert
Dec 10 2020 01: +0,216.43,1,Factory-New,Covert
Dec 11 2020 01: +0,229.942,3,Factory-New,Covert
Dec 12 2020 01: +0,229.016,6,Factory-New,Covert
Dec 13 2020 01: +0,218.5,1,Factory-New,Covert
Dec 15 2020 01: +0,234.251,3,Factory-New,Covert
Dec 16 2020 01: +0,280.0,1,Factory-New,Covert
Dec 17 2020 01: +0,228.408,4,Factory-New,Covert
Dec 18 2020 01: +0,228.443,2,Factory-New,Covert
Dec 19 2020 01: +0,258.883,2,Factory-New,Covert
Dec 20 2020 01: +0,236.056,3,Factory-New,Covert
Dec 21 2020 01: +0,256.62,3,Factory-New,Covert
Dec 22 2020 01: +0,256.589,3,Factory-New,Covert
Dec 23 2020 01: +0,250.37,1,Factory-New,Covert
Dec 24 2020 01: +0,267.13,7,Factory-New,Covert
Dec 25 2020 01: +0,268.282,12,Factory-New,Covert
Dec 26 2020 01: +0,257.098,6,Factory-New,Covert
Dec 27 2020 01: +0,282.42,11,Factory-New,Covert
Dec 28 2020 01: +0,291.3,1,Factory-New,Covert
Dec 30 2020 01: +0,284.479,5,Factory-New,Covert
Dec 31 2020 01: +0,285.431,9,Factory-New,Covert
Jan 01 2021 01: +0,256.98,1,Factory-New,Covert
Jan 02 2021 01: +0,285.175,5,Factory-New,Covert
Jan 03 2021 01: +0,294.017,4,Factory-New,Covert
Jan 04 2021 01: +0,312.554,2,Factory-New,Covert
Jan 05 2021 01: +0,324.51,2,Factory-New,Covert
Jan 06 2021 01: +0,323.069,3,Factory-New,Covert
Jan 07 2021 01: +0,303.34,3,Factory-New,Covert
Jan 08 2021 01: +0,319.429,3,Factory-New,Covert
Jan 09 2021 01: +0,319.3,2,Factory-New,Covert
Jan 10 2021 01: +0,297.302,2,Factory-New,Covert
Jan 11 2021 01: +0,297.407,1,Factory-New,Covert
Jan 12 2021 01: +0,337.053,2,Factory-New,Covert
Jan 13 2021 01: +0,324.531,4,Factory-New,Covert
Jan 14 2021 01: +0,299.075,2,Factory-New,Covert
Jan 15 2021 01: +0,326.573,4,Factory-New,Covert
Jan 16 2021 01: +0,296.59,1,Factory-New,Covert
Jan 17 2021 01: +0,327.27,4,Factory-New,Covert
Jan 18 2021 01: +0,322.218,4,Factory-New,Covert
Jan 19 2021 01: +0,305.207,4,Factory-New,Covert
Jan 20 2021 01: +0,292.95,1,Factory-New,Covert
Jan 21 2021 01: +0,334.642,2,Factory-New,Covert
Jan 22 2021 01: +0,288.901,2,Factory-New,Covert
Jan 23 2021 01: +0,298.143,3,Factory-New,Covert
Jan 24 2021 01: +0,316.038,3,Factory-New,Covert
Jan 25 2021 01: +0,319.607,1,Factory-New,Covert
Jan 26 2021 01: +0,344.05,1,Factory-New,Covert
Jan 27 2021 01: +0,353.948,1,Factory-New,Covert
Jan 28 2021 01: +0,311.548,4,Factory-New,Covert
Jan 29 2021 01: +0,361.749,3,Factory-New,Covert
Jan 30 2021 01: +0,309.991,3,Factory-New,Covert
Jan 31 2021 01: +0,288.7,1,Factory-New,Covert
Feb 01 2021 01: +0,324.7,3,Factory-New,Covert
Feb 02 2021 01: +0,313.24,4,Factory-New,Covert
Feb 03 2021 01: +0,335.764,4,Factory-New,Covert
Feb 04 2021 01: +0,287.29,2,Factory-New,Covert
Feb 05 2021 01: +0,298.233,2,Factory-New,Covert
Feb 06 2021 01: +0,321.141,3,Factory-New,Covert
Feb 07 2021 01: +0,315.213,13,Factory-New,Covert
Feb 08 2021 01: +0,287.505,4,Factory-New,Covert
Feb 09 2021 01: +0,292.378,3,Factory-New,Covert
Feb 10 2021 01: +0,278.348,4,Factory-New,Covert
Feb 11 2021 01: +0,288.763,4,Factory-New,Covert
Feb 12 2021 01: +0,312.272,1,Factory-New,Covert
Feb 13 2021 01: +0,290.498,5,Factory-New,Covert
Feb 14 2021 01: +0,304.309,5,Factory-New,Covert
Feb 15 2021 01: +0,287.66,3,Factory-New,Covert
Feb 16 2021 01: +0,290.659,4,Factory-New,Covert
Feb 17 2021 01: +0,294.293,2,Factory-New,Covert
Feb 18 2021 01: +0,278.344,2,Factory-New,Covert
Feb 19 2021 01: +0,324.737,5,Factory-New,Covert
Feb 20 2021 01: +0,284.138,3,Factory-New,Covert
Feb 21 2021 01: +0,293.222,5,Factory-New,Covert
Feb 22 2021 01: +0,284.0,1,Factory-New,Covert
Feb 23 2021 01: +0,284.544,4,Factory-New,Covert
Feb 24 2021 01: +0,294.317,4,Factory-New,Covert
Feb 25 2021 01: +0,285.143,4,Factory-New,Covert
Feb 26 2021 01: +0,292.35,2,Factory-New,Covert
Feb 27 2021 01: +0,307.463,4,Factory-New,Covert
Feb 28 2021 01: +0,306.122,2,Factory-New,Covert
Mar 01 2021 01: +0,288.91,2,Factory-New,Covert
Mar 02 2021 01: +0,316.492,7,Factory-New,Covert
Mar 03 2021 01: +0,302.071,3,Factory-New,Covert
Mar 04 2021 01: +0,317.983,3,Factory-New,Covert
Mar 05 2021 01: +0,316.888,4,Factory-New,Covert
Mar 06 2021 01: +0,343.252,7,Factory-New,Covert
Mar 07 2021 01: +0,355.43,2,Factory-New,Covert
Mar 08 2021 01: +0,457.487,7,Factory-New,Covert
Mar 09 2021 01: +0,361.915,2,Factory-New,Covert
Mar 10 2021 01: +0,393.733,6,Factory-New,Covert
Mar 11 2021 01: +0,369.602,3,Factory-New,Covert
Mar 12 2021 01: +0,367.787,3,Factory-New,Covert
Mar 13 2021 01: +0,415.032,3,Factory-New,Covert
Mar 14 2021 01: +0,347.805,6,Factory-New,Covert
Mar 15 2021 01: +0,344.0,1,Factory-New,Covert
Mar 16 2021 01: +0,347.888,3,Factory-New,Covert
Mar 17 2021 01: +0,372.132,1,Factory-New,Covert
Mar 18 2021 01: +0,337.621,1,Factory-New,Covert
Mar 19 2021 01: +0,346.16,1,Factory-New,Covert
Mar 20 2021 01: +0,381.12,1,Factory-New,Covert
Mar 21 2021 01: +0,369.142,4,Factory-New,Covert
Mar 22 2021 01: +0,358.225,2,Factory-New,Covert
Mar 23 2021 01: +0,357.79,1,Factory-New,Covert
Mar 24 2021 01: +0,396.975,2,Factory-New,Covert
Mar 26 2021 01: +0,438.328,3,Factory-New,Covert
Mar 27 2021 01: +0,376.879,1,Factory-New,Covert
Mar 28 2021 01: +0,393.14,2,Factory-New,Covert
Mar 29 2021 01: +0,379.091,2,Factory-New,Covert
Mar 30 2021 01: +0,387.9,2,Factory-New,Covert
Mar 31 2021 01: +0,387.72,4,Factory-New,Covert
Apr 01 2021 01: +0,393.952,2,Factory-New,Covert
Apr 02 2021 01: +0,377.111,7,Factory-New,Covert
Apr 03 2021 01: +0,399.939,2,Factory-New,Covert
Apr 04 2021 01: +0,382.96,2,Factory-New,Covert
Apr 05 2021 01: +0,408.379,5,Factory-New,Covert
Apr 06 2021 01: +0,427.147,1,Factory-New,Covert
Apr 07 2021 01: +0,434.303,1,Factory-New,Covert
Apr 08 2021 01: +0,391.221,5,Factory-New,Covert
Apr 09 2021 01: +0,392.638,4,Factory-New,Covert
Apr 10 2021 01: +0,399.494,4,Factory-New,Covert
Apr 11 2021 01: +0,386.792,5,Factory-New,Covert
Apr 13 2021 01: +0,395.073,5,Factory-New,Covert
Apr 14 2021 01: +0,389.05,1,Factory-New,Covert
Apr 15 2021 01: +0,405.733,4,Factory-New,Covert
Apr 16 2021 01: +0,408.698,3,Factory-New,Covert
Apr 17 2021 01: +0,394.758,5,Factory-New,Covert
Apr 18 2021 01: +0,395.3,1,Factory-New,Covert
Apr 19 2021 01: +0,404.585,2,Factory-New,Covert
Apr 20 2021 01: +0,396.833,2,Factory-New,Covert
Apr 21 2021 01: +0,418.599,1,Factory-New,Covert
Apr 22 2021 01: +0,396.492,4,Factory-New,Covert
Apr 23 2021 01: +0,400.09,1,Factory-New,Covert
Apr 24 2021 01: +0,414.88,3,Factory-New,Covert
Apr 25 2021 01: +0,398.7,1,Factory-New,Covert
Apr 26 2021 01: +0,406.685,5,Factory-New,Covert
Apr 27 2021 01: +0,418.71,2,Factory-New,Covert
Apr 28 2021 01: +0,399.545,2,Factory-New,Covert
Apr 29 2021 01: +0,399.303,2,Factory-New,Covert
Apr 30 2021 01: +0,401.755,2,Factory-New,Covert
May 01 2021 01: +0,434.74,2,Factory-New,Covert
May 02 2021 01: +0,429.64,4,Factory-New,Covert
May 03 2021 01: +0,418.29,7,Factory-New,Covert
May 04 2021 01: +0,454.327,5,Factory-New,Covert
May 05 2021 01: +0,435.008,3,Factory-New,Covert
May 06 2021 01: +0,422.705,5,Factory-New,Covert
May 07 2021 01: +0,435.731,9,Factory-New,Covert
May 08 2021 01: +0,448.763,6,Factory-New,Covert
May 10 2021 01: +0,401.233,2,Factory-New,Covert
May 11 2021 01: +0,410.5,1,Factory-New,Covert
May 12 2021 01: +0,411.557,3,Factory-New,Covert
May 13 2021 01: +0,441.73,2,Factory-New,Covert
May 14 2021 01: +0,431.893,5,Factory-New,Covert
May 15 2021 01: +0,442.455,1,Factory-New,Covert
May 16 2021 01: +0,433.561,3,Factory-New,Covert
May 17 2021 01: +0,425.406,6,Factory-New,Covert
May 18 2021 01: +0,417.59,1,Factory-New,Covert
May 19 2021 01: +0,430.96,6,Factory-New,Covert
May 20 2021 01: +0,425.25,3,Factory-New,Covert
May 21 2021 01: +0,454.041,5,Factory-New,Covert
May 22 2021 01: +0,423.33,1,Factory-New,Covert
May 23 2021 01: +0,432.657,1,Factory-New,Covert
May 24 2021 01: +0,430.087,3,Factory-New,Covert
May 25 2021 01: +0,433.36,3,Factory-New,Covert
May 26 2021 01: +0,432.617,5,Factory-New,Covert
May 27 2021 01: +0,456.32,3,Factory-New,Covert
May 28 2021 01: +0,445.075,2,Factory-New,Covert
May 29 2021 01: +0,438.638,5,Factory-New,Covert
May 30 2021 01: +0,453.564,7,Factory-New,Covert
May 31 2021 01: +0,387.29,1,Factory-New,Covert
Jun 01 2021 01: +0,442.19,2,Factory-New,Covert
Jun 03 2021 01: +0,519.102,2,Factory-New,Covert
Jun 04 2021 01: +0,582.467,12,Factory-New,Covert
Jun 05 2021 01: +0,650.968,8,Factory-New,Covert
Jun 06 2021 01: +0,599.652,4,Factory-New,Covert
Jun 07 2021 01: +0,599.775,2,Factory-New,Covert
Jun 08 2021 01: +0,621.0,1,Factory-New,Covert
Jun 09 2021 01: +0,579.356,1,Factory-New,Covert
Jun 10 2021 01: +0,579.08,2,Factory-New,Covert
Jun 11 2021 01: +0,636.88,7,Factory-New,Covert
Jun 12 2021 01: +0,539.306,5,Factory-New,Covert
Jun 13 2021 01: +0,566.45,2,Factory-New,Covert
Jun 14 2021 01: +0,579.74,1,Factory-New,Covert
Jun 15 2021 01: +0,527.575,2,Factory-New,Covert
Jun 16 2021 01: +0,533.0,1,Factory-New,Covert
Jun 17 2021 01: +0,579.014,1,Factory-New,Covert
Jun 18 2021 01: +0,571.766,1,Factory-New,Covert
Jun 19 2021 01: +0,530.088,3,Factory-New,Covert
Jun 20 2021 01: +0,530.562,2,Factory-New,Covert
Jun 21 2021 01: +0,517.392,2,Factory-New,Covert
Jun 22 2021 01: +0,497.332,7,Factory-New,Covert
Jun 23 2021 01: +0,564.688,1,Factory-New,Covert
Jun 24 2021 01: +0,486.01,1,Factory-New,Covert
Jun 25 2021 01: +0,489.206,5,Factory-New,Covert
Jun 26 2021 01: +0,480.05,2,Factory-New,Covert
Jun 27 2021 01: +0,482.51,1,Factory-New,Covert
Jun 28 2021 01: +0,484.385,2,Factory-New,Covert
Jun 29 2021 01: +0,481.968,3,Factory-New,Covert
Jun 30 2021 01: +0,448.955,2,Factory-New,Covert
Jul 01 2021 01: +0,444.275,2,Factory-New,Covert
Jul 02 2021 01: +0,459.805,2,Factory-New,Covert
Jul 03 2021 01: +0,538.363,3,Factory-New,Covert
Jul 04 2021 01: +0,451.608,5,Factory-New,Covert
Jul 05 2021 01: +0,456.422,3,Factory-New,Covert
Jul 06 2021 01: +0,474.466,3,Factory-New,Covert
Jul 07 2021 01: +0,541.22,1,Factory-New,Covert
Jul 09 2021 01: +0,529.76,1,Factory-New,Covert
Jul 10 2021 01: +0,433.896,17,Factory-New,Covert
Jul 11 2021 01: +0,393.354,9,Factory-New,Covert
Jul 12 2021 01: +0,395.224,4,Factory-New,Covert
Jul 13 2021 01: +0,416.561,2,Factory-New,Covert
Jul 14 2021 01: +0,399.196,2,Factory-New,Covert
Jul 15 2021 01: +0,408.434,5,Factory-New,Covert
Jul 16 2021 01: +0,403.501,4,Factory-New,Covert
Jul 18 2021 01: +0,439.822,4,Factory-New,Covert
Jul 20 2021 01: +0,435.843,1,Factory-New,Covert
Jul 21 2021 01: +0,440.75,1,Factory-New,Covert
