Steam_scrapper/Database_of_items_price/AK-47 _ Vulcan Factory-New.csv
Date,Price,Quantity Sold,exterior,rarity
Jul 22 2021 01: +0,436.478,2,Factory-New,Covert
Jul 23 2021 01: +0,410.655,2,Factory-New,Covert
Jul 24 2021 01: +0,470.323,3,Factory-New,Covert
Jul 25 2021 01: +0,423.933,3,Factory-New,Covert
Jul 26 2021 01: +0,425.12,1,Factory-New,Covert
Jul 27 2021 01: +0,448.05,3,Factory-New,Covert
Jul 29 2021 01: +0,431.872,2,Factory-New,Covert
Jul 30 2021 01: +0,472.781,5,Factory-New,Covert
Jul 31 2021 01: +0,409.56,1,Factory-New,Covert
Aug 01 2021 01: +0,450.003,2,Factory-New,Covert
Aug 02 2021 01: +0,446.815,4,Factory-New,Covert
Aug 03 2021 01: +0,440.033,4,Factory-New,Covert
Aug 04 2021 01: +0,465.563,2,Factory-New,Covert
Aug 05 2021 01: +0,437.656,5,Factory-New,Covert
Aug 06 2021 01: +0,432.798,6,Factory-New,Covert
Aug 07 2021 01: +0,429.27,2,Factory-New,Covert
Aug 08 2021 01: +0,427.66,2,Factory-New,Covert
Aug 09 2021 01: +0,414.0,1,Factory-New,Covert
Aug 10 2021 01: +0,419.341,1,Factory-New,Covert
Aug 11 2021 01: +0,410.53,2,Factory-New,Covert
Aug 12 2021 01: +0,393.64,3,Factory-New,Covert
Aug 13 2021 01: +0,387.665,3,Factory-New,Covert
Aug 14 2021 01: +0,433.007,3,Factory-New,Covert
Aug 15 2021 01: +0,389.451,3,Factory-New,Covert
Aug 16 2021 01: +0,379.581,7,Factory-New,Covert
Aug 17 2021 01: +0,398.895,2,Factory-New,Covert
Aug 18 2021 01: +0,377.735,2,Factory-New,Covert
Aug 19 2021 01: +0,372.965,2,Factory-New,Covert
Aug 20 2021 01: +0,417.123,4,Factory-New,Covert
Aug 21 2021 01: +0,384.83,2,Factory-New,Covert
Aug 22 2021 01: +0,386.713,7,Factory-New,Covert
Aug 23 2021 01: +0,395.62,2,Factory-New,Covert
Aug 24 2021 01: +0,371.483,6,Factory-New,Covert
Aug 25 2021 01: +0,386.426,2,Factory-New,Covert
Aug 26 2021 01: +0,419.695,2,Factory-New,Covert
Aug 27 2021 01: +0,384.382,5,Factory-New,Covert
Aug 28 2021 01: +0,388.817,4,Factory-New,Covert
Aug 29 2021 01: +0,381.19,2,Factory-New,Covert
Aug 30 2021 01: +0,381.6,2,Factory-New,Covert
Aug 31 2021 01: +0,381.275,4,Factory-New,Covert
Sep 01 2021 01: +0,391.013,4,Factory-New,Covert
Sep 02 2021 01: +0,399.626,3,Factory-New,Covert
Sep 03 2021 01: +0,389.765,5,Factory-New,Covert
Sep 04 2021 01: +0,409.002,9,Factory-New,Covert
Sep 05 2021 01: +0,415.586,2,Factory-New,Covert
Sep 07 2021 01: +0,415.0,1,Factory-New,Covert
Sep 08 2021 01: +0,390.4,1,Factory-New,Covert
Sep 09 2021 01: +0,411.001,3,Factory-New,Covert
Sep 10 2021 01: +0,390.97,2,Factory-New,Covert
Sep 11 2021 01: +0,407.94,2,Factory-New,Covert
Sep 12 2021 01: +0,391.2,1,Factory-New,Covert
Sep 13 2021 01: +0,411.527,2,Factory-New,Covert
Sep 14 2021 01: +0,414.319,3,Factory-New,Covert
Sep 15 2021 01: +0,414.983,3,Factory-New,Covert
Sep 16 2021 01: +0,405.972,4,Factory-New,Covert
Sep 18 2021 01: +0,395.365,4,Factory-New,Covert
Sep 19 2021 01: +0,386.01,2,Factory-New,Covert
Sep 20 2021 01: +0,385.036,4,Factory-New,Covert
Sep 21 2021 01: +0,367.03,1,Factory-New,Covert
Sep 22 2021 01: +0,327.527,9,Factory-New,Covert
Sep 23 2021 01: +0,317.131,11,Factory-New,Covert
Sep 24 2021 01: +0,315.59,4,Factory-New,Covert
Sep 25 2021 01: +0,292.965,2,Factory-New,Covert
Sep 26 2021 01: +0,317.675,4,Factory-New,Covert
Sep 27 2021 01: +0,338.977,3,Factory-New,Covert
Sep 28 2021 01: +0,319.813,3,Factory-New,Covert
Sep 29 2021 01: +0,328.83,6,Factory-New,Covert
Sep 30 2021 01: +0,346.898,5,Factory-New,Covert
Oct 01 2021 01: +0,335.47,1,Factory-New,Covert
Oct 02 2021 01: +0,385.336,1,Factory-New,Covert
Oct 03 2021 01: +0,358.244,5,Factory-New,Covert
Oct 04 2021 01: +0,361.348,8,Factory-New,Covert
Oct 05 2021 01: +0,368.322,5,Factory-New,Covert
Oct 06 2021 01: +0,357.72,4,Factory-New,Covert
Oct 07 2021 01: +0,378.414,4,Factory-New,Covert
Oct 08 2021 01: +0,356.261,5,Factory-New,Covert
Oct 09 2021 01: +0,357.171,5,Factory-New,Covert
Oct 10 2021 01: +0,357.427,4,Factory-New,Covert
Oct 11 2021 01: +0,387.466,5,Factory-New,Covert
Oct 12 2021 01: +0,363.357,3,Factory-New,Covert
Oct 13 2021 01: +0,369.339,3,Factory-New,Covert
Oct 14 2021 01: +0,358.85,5,Factory-New,Covert
Oct 15 2021 01: +0,366.077,3,Factory-New,Covert
Oct 16 2021 01: +0,356.672,4,Factory-New,Covert
Oct 17 2021 01: +0,377.513,3,Factory-New,Covert
Oct 18 2021 01: +0,379.908,2,Factory-New,Covert
Oct 19 2021 01: +0,372.26,1,Factory-New,Covert
Oct 20 2021 01: +0,352.96,3,Factory-New,Covert
Oct 21 2021 01: +0,396.134,3,Factory-New,Covert
Oct 22 2021 01: +0,359.606,2,Factory-New,Covert
Oct 23 2021 01: +0,342.382,7,Factory-New,Covert
Oct 25 2021 01: +0,345.08,3,Factory-New,Covert
Oct 26 2021 01: +0,390.901,1,Factory-New,Covert
Oct 27 2021 01: +0,351.016,8,Factory-New,Covert
Oct 28 2021 01: +0,347.383,8,Factory-New,Covert
Oct 29 2021 01: +0,348.456,5,Factory-New,Covert
Oct 30 2021 01: +0,354.603,5,Factory-New,Covert
Oct 31 2021 01: +0,360.809,5,Factory-New,Covert
Nov 01 2021 01: +0,352.016,5,Factory-New,Covert
Nov 03 2021 01: +0,399.999,4,Factory-New,Covert
Nov 04 2021 01: +0,414.017,2,Factory-New,Covert
Nov 05 2021 01: +0,369.836,5,Factory-New,Covert
Nov 06 2021 01: +0,369.13,3,Factory-New,Covert
Nov 07 2021 01: +0,374.99,1,Factory-New,Covert
Nov 08 2021 01: +0,368.651,3,Factory-New,Covert
Nov 09 2021 01: +0,359.4,1,Factory-New,Covert
Nov 10 2021 01: +0,379.879,8,Factory-New,Covert
Nov 11 2021 01: +0,328.513,3,Factory-New,Covert
Nov 12 2021 01: +0,360.675,4,Factory-New,Covert
Nov 13 2021 01: +0,332.52,4,Factory-New,Covert
Nov 14 2021 01: +0,373.579,2,Factory-New,Covert
Nov 15 2021 01: +0,340.372,5,Factory-New,Covert
Nov 16 2021 01: +0,357.65,2,Factory-New,Covert
Nov 17 2021 01: +0,341.29,1,Factory-New,Covert
Nov 18 2021 01: +0,359.542,4,Factory-New,Covert
Nov 19 2021 01: +0,344.8,1,Factory-New,Covert
Nov 20 2021 01: +0,386.479,4,Factory-New,Covert
Nov 21 2021 01: +0,370.816,2,Factory-New,Covert
Nov 22 2021 01: +0,381.087,2,Factory-New,Covert
Nov 24 2021 01: +0,371.415,2,Factory-New,Covert
Nov 25 2021 01: +0,352.629,5,Factory-New,Covert
Nov 26 2021 01: +0,351.135,2,Factory-New,Covert
Nov 27 2021 01: +0,360.979,5,Factory-New,Covert
Nov 28 2021 01: +0,330.713,2,Factory-New,Covert
Nov 29 2021 01: +0,345.24,2,Factory-New,Covert
Nov 30 2021 01: +0,371.962,2,Factory-New,Covert
Dec 01 2021 01: +0,348.443,3,Factory-New,Covert
Dec 02 2021 01: +0,345.847,3,Factory-New,Covert
Dec 03 2021 01: +0,383.517,4,Factory-New,Covert
Dec 04 2021 01: +0,358.968,5,Factory-New,Covert
Dec 05 2021 01: +0,380.787,6,Factory-New,Covert
Dec 06 2021 01: +0,406.956,2,Factory-New,Covert
Dec 07 2021 01: +0,382.77,2,Factory-New,Covert
Dec 08 2021 01: +0,293.114,1,Factory-New,Covert
Dec 09 2021 01: +0,395.146,2,Factory-New,Covert
Dec 10 2021 01: +0,395.212,5,Factory-New,Covert
Dec 11 2021 01: +0,395.55,3,Factory-New,Covert
Dec 12 2021 01: +0,401.585,2,Factory-New,Covert
Dec 13 2021 01: +0,390.501,5,Factory-New,Covert
Dec 14 2021 01: +0,380.91,2,Factory-New,Covert
Dec 15 2021 01: +0,380.473,3,Factory-New,Covert
Dec 16 2021 01: +0,380.02,2,Factory-New,Covert
Dec 17 2021 01: +0,391.17,6,Factory-New,Covert
Dec 18 2021 01: +0,388.273,2,Factory-New,Covert
Dec 20 2021 01: +0,366.837,3,Factory-New,Covert
Dec 21 2021 01: +0,384.303,6,Factory-New,Covert
Dec 22 2021 01: +0,395.66,3,Factory-New,Covert
Dec 23 2021 01: +0,382.467,3,Factory-New,Covert
Dec 24 2021 01: +0,384.14,1,Factory-New,Covert
Dec 25 2021 01: +0,390.205,2,Factory-New,Covert
Dec 26 2021 01: +0,388.99,2,Factory-New,Covert
Dec 27 2021 01: +0,365.145,2,Factory-New,Covert
Dec 28 2021 01: +0,391.375,5,Factory-New,Covert
Dec 29 2021 01: +0,422.93,3,Factory-New,Covert
Dec 30 2021 01: +0,334.167,2,Factory-New,Covert
Dec 31 2021 01: +0,441.924,2,Factory-New,Covert
Jan 01 2022 01: +0,453.789,1,Factory-New,Covert
Jan 02 2022 01: +0,404.542,5,Factory-New,Covert
Jan 03 2022 01: +0,460.005,1,Factory-New,Covert
Jan 04 2022 01: +0,439.681,7,Factory-New,Covert
Jan 06 2022 01: +0,419.681,6,Factory-New,Covert
Jan 07 2022 01: +0,415.285,2,Factory-New,Covert
Jan 08 2022 01: +0,417.534,5,Factory-New,Covert
Jan 09 2022 01: +0,434.534,4,Factory-New,Covert
Jan 10 2022 01: +0,520.564,1,Factory-New,Covert
Jan 11 2022 01: +0,429.008,4,Factory-New,Covert
Jan 12 2022 01: +0,462.869,1,Factory-New,Covert
Jan 13 2022 01: +0,444.353,4,Factory-New,Covert
Jan 16 2022 01: +0,430.944,5,Factory-New,Covert
Jan 17 2022 01: +0,435.12,3,Factory-New,Covert
Jan 18 2022 01: +0,434.947,3,Factory-New,Covert
Jan 19 2022 01: +0,445.74,4,Factory-New,Covert
Jan 20 2022 01: +0,458.189,1,Factory-New,Covert
Jan 21 2022 01: +0,428.769,3,Factory-New,Covert
Jan 22 2022 01: +0,457.968,4,Factory-New,Covert
Jan 23 2022 01: +0,413.76,2,Factory-New,Covert
Jan 24 2022 01: +0,423.73,1,Factory-New,Covert
Jan 25 2022 01: +0,410.557,4,Factory-New,Covert
Jan 26 2022 01: +0,403.967,3,Factory-New,Covert
Jan 27 2022 01: +0,400.58,1,Factory-New,Covert
Jan 28 2022 01: +0,401.247,3,Factory-New,Covert
Jan 30 2022 01: +0,440.28,3,Factory-New,Covert
Jan 31 2022 01: +0,339.11,4,Factory-New,Covert
Feb 01 2022 01: +0,414.698,4,Factory-New,Covert
Feb 02 2022 01: +0,425.555,5,Factory-New,Covert
Feb 03 2022 01: +0,383.587,4,Factory-New,Covert
Feb 04 2022 01: +0,385.22,2,Factory-New,Covert
Feb 05 2022 01: +0,447.417,5,Factory-New,Covert
Feb 06 2022 01: +0,405.275,2,Factory-New,Covert
Feb 07 2022 01: +0,404.344,1,Factory-New,Covert
Feb 08 2022 01: +0,402.622,3,Factory-New,Covert
Feb 09 2022 01: +0,403.971,3,Factory-New,Covert
Feb 10 2022 01: +0,427.771,3,Factory-New,Covert
Feb 11 2022 01: +0,402.5,1,Factory-New,Covert
Feb 12 2022 01: +0,403.49,1,Factory-New,Covert
Feb 13 2022 01: +0,404.649,4,Factory-New,Covert
Feb 14 2022 01: +0,416.763,5,Factory-New,Covert
Feb 15 2022 01: +0,402.758,4,Factory-New,Covert
Feb 16 2022 01: +0,404.26,1,Factory-New,Covert
Feb 17 2022 01: +0,404.175,6,Factory-New,Covert
Feb 18 2022 01: +0,390.498,4,Factory-New,Covert
Feb 19 2022 01: +0,432.474,2,Factory-New,Covert
Feb 20 2022 01: +0,403.85,1,Factory-New,Covert
Feb 21 2022 01: +0,464.61,1,Factory-New,Covert
Feb 22 2022 01: +0,405.726,3,Factory-New,Covert
Feb 23 2022 01: +0,427.064,4,Factory-New,Covert
Feb 24 2022 01: +0,448.27,2,Factory-New,Covert
Feb 25 2022 01: +0,475.895,1,Factory-New,Covert
Feb 26 2022 01: +0,415.205,8,Factory-New,Covert
Feb 27 2022 01: +0,422.357,6,Factory-New,Covert
Feb 28 2022 01: +0,448.513,3,Factory-New,Covert
Mar 01 2022 01: +0,446.119,1,Factory-New,Covert
Mar 02 2022 01: +0,424.738,6,Factory-New,Covert
Mar 03 2022 01: +0,457.112,4,Factory-New,Covert
Mar 04 2022 01: +0,427.63,2,Factory-New,Covert
Mar 05 2022 01: +0,616.085,2,Factory-New,Covert
Mar 06 2022 01: +0,438.79,1,Factory-New,Covert
Mar 07 2022 01: +0,469.083,2,Factory-New,Covert
Mar 10 2022 01: +0,445.36,4,Factory-New,Covert
Mar 11 2022 01: +0,441.346,6,Factory-New,Covert
Mar 12 2022 01: +0,423.982,4,Factory-New,Covert
Mar 14 2022 01: +0,482.272,1,Factory-New,Covert
Mar 15 2022 01: +0,453.073,3,Factory-New,Covert
Mar 16 2022 01: +0,462.155,2,Factory-New,Covert
Mar 17 2022 01: +0,474.466,2,Factory-New,Covert
Mar 18 2022 01: +0,487.633,1,Factory-New,Covert
Mar 19 2022 01: +0,495.354,1,Factory-New,Covert
Mar 20 2022 01: +0,484.995,2,Factory-New,Covert
Mar 21 2022 01: +0,464.54,1,Factory-New,Covert
Mar 22 2022 01: +0,474.05,6,Factory-New,Covert
Mar 23 2022 01: +0,493.337,2,Factory-New,Covert
Mar 25 2022 01: +0,477.248,4,Factory-New,Covert
Mar 26 2022 01: +0,466.427,3,Factory-New,Covert
Mar 27 2022 01: +0,531.582,3,Factory-New,Covert
Mar 28 2022 01: +0,471.323,3,Factory-New,Covert
Mar 29 2022 01: +0,474.832,2,Factory-New,Covert
Mar 30 2022 01: +0,470.59,3,Factory-New,Covert
Mar 31 2022 01: +0,526.516,2,Factory-New,Covert
Apr 02 2022 20: +0,473.8,1,Factory-New,Covert
Apr 03 2022 01: +0,494.47,1,Factory-New,Covert
Apr 03 2022 16: +0,478.6,1,Factory-New,Covert
Apr 03 2022 19: +0,480.06,1,Factory-New,Covert
Apr 03 2022 23: +0,480.1,1,Factory-New,Covert
Apr 04 2022 03: +0,480.29,1,Factory-New,Covert
Apr 04 2022 16: +0,481.59,1,Factory-New,Covert
Apr 04 2022 22: +0,502.852,1,Factory-New,Covert
Apr 05 2022 01: +0,502.349,1,Factory-New,Covert
Apr 05 2022 08: +0,482.74,1,Factory-New,Covert
Apr 06 2022 02: +0,498.82,1,Factory-New,Covert
Apr 06 2022 03: +0,485.11,1,Factory-New,Covert
Apr 06 2022 11: +0,486.15,1,Factory-New,Covert
Apr 06 2022 16: +0,487.16,1,Factory-New,Covert
Apr 07 2022 07: +0,502.445,1,Factory-New,Covert
Apr 08 2022 10: +0,492.436,1,Factory-New,Covert
Apr 08 2022 16: +0,529.065,2,Factory-New,Covert
Apr 09 2022 06: +0,493.96,1,Factory-New,Covert
Apr 09 2022 20: +0,547.144,1,Factory-New,Covert
Apr 10 2022 08: +0,560.69,1,Factory-New,Covert
Apr 10 2022 21: +0,535.778,1,Factory-New,Covert
Apr 11 2022 06: +0,560.689,1,Factory-New,Covert
Apr 11 2022 09: +0,494.81,1,Factory-New,Covert
Apr 13 2022 07: +0,540.299,2,Factory-New,Covert
Apr 13 2022 08: +0,497.54,1,Factory-New,Covert
Apr 13 2022 12: +0,497.65,1,Factory-New,Covert
Apr 13 2022 13: +0,496.88,1,Factory-New,Covert
Apr 14 2022 08: +0,505.0,1,Factory-New,Covert
Apr 14 2022 17: +0,501.44,2,Factory-New,Covert
Apr 14 2022 20: +0,507.09,1,Factory-New,Covert
Apr 15 2022 18: +0,509.3,1,Factory-New,Covert
Apr 16 2022 00: +0,509.0,1,Factory-New,Covert
Apr 16 2022 13: +0,511.22,1,Factory-New,Covert
Apr 16 2022 15: +0,680.794,1,Factory-New,Covert
Apr 16 2022 21: +0,513.805,2,Factory-New,Covert
Apr 17 2022 16: +0,633.906,1,Factory-New,Covert
Apr 17 2022 21: +0,600.293,1,Factory-New,Covert
Apr 18 2022 10: +0,525.014,1,Factory-New,Covert
Apr 18 2022 18: +0,517.2,1,Factory-New,Covert
Apr 19 2022 08: +0,570.0,1,Factory-New,Covert
Apr 19 2022 10: +0,570.0,1,Factory-New,Covert
Apr 20 2022 20: +0,700.008,1,Factory-New,Covert
Apr 21 2022 20: +0,520.92,1,Factory-New,Covert
Apr 22 2022 03: +0,553.5,1,Factory-New,Covert
Apr 22 2022 07: +0,551.8,1,Factory-New,Covert
Apr 22 2022 08: +0,553.34,1,Factory-New,Covert
Apr 22 2022 23: +0,512.44,1,Factory-New,Covert
Apr 23 2022 00: +0,1422.593,1,Factory-New,Covert
Apr 23 2022 09: +0,564.68,1,Factory-New,Covert
Apr 25 2022 02: +0,546.16,1,Factory-New,Covert
Apr 25 2022 15: +0,554.76,1,Factory-New,Covert
Apr 26 2022 00: +0,546.07,1,Factory-New,Covert
Apr 26 2022 10: +0,538.32,1,Factory-New,Covert
Apr 26 2022 11: +0,521.0,1,Factory-New,Covert
Apr 26 2022 13: +0,515.14,1,Factory-New,Covert
Apr 27 2022 07: +0,510.92,1,Factory-New,Covert
Apr 27 2022 10: +0,513.38,1,Factory-New,Covert
Apr 27 2022 16: +0,513.3,2,Factory-New,Covert
Apr 27 2022 18: +0,537.75,1,Factory-New,Covert
Apr 28 2022 04: +0,512.9,1,Factory-New,Covert
Apr 29 2022 22: +0,525.972,1,Factory-New,Covert
Apr 30 2022 03: +0,534.21,1,Factory-New,Covert
Apr 30 2022 07: +0,521.23,1,Factory-New,Covert
May 01 2022 02: +0,573.85,1,Factory-New,Covert
May 01 2022 05: +0,578.87,1,Factory-New,Covert
May 01 2022 08: +0,548.529,2,Factory-New,Covert
